<html>
<body>
<pre>
<h1>礦ision Build Log</h1>
<h2>Tool Versions:</h2>
IDE-Version: μVision V5.15
Copyright (C) 2015 ARM Ltd and ARM Germany GmbH. All rights reserved.
License Information:  ,  , LIC=LJW8T-RWZ8X-X9ZG0-BW2LW-XERBD-UKHKQ
 
Tool Versions:
Toolchain:       MDK-ARM Professional  Version: 5.15.0
Toolchain Path:  d:\Keil_v5\ARM\ARMCC\Bin
C Compiler:      Armcc.exe V5.05 update 2 (build 169)
Assembler:       Armasm.exe V5.05 update 2 (build 169)
Linker/Locator:  ArmLink.exe V5.05 update 2 (build 169)
Library Manager: ArmAr.exe V5.05 update 2 (build 169)
Hex Converter:   FromElf.exe V5.05 update 2 (build 169)
CPU DLL:         SARMCM3.DLL V5.15.0
Dialog DLL:      DCM.DLL V1.13.2.0
Target DLL:      CMSIS_AGDI.dll V1.21.12.0
Dialog DLL:      TCM.DLL V1.14.5.0
 
<h2>Project:</h2>
C:\Users\Shuo\Desktop\stm32程序\02-Fire_F103c8t6-FreeRTOS-FreeRTOS-KEY\Project\RVMDK（uv5）\Fire_FreeRTOS.uvprojx
Project File Date:  02/06/2020

<h2>Output:</h2>
*** Using Compiler 'V5.05 update 2 (build 169)', folder: 'd:\Keil_v5\ARM\ARMCC\Bin'
Build target 'Fire_FreeRTOS'
compiling main.c...
..\..\User\main.c(119): warning:  #550-D: variable "xReturn" was set but never used
    BaseType_t xReturn = pdPASS;/* 定??一?龃唇???息返??值，默??为pdPASS */
..\..\User\main.c: 1 warning, 0 errors
linking...
Program Size: Code=6648 RO-data=268 RW-data=148 ZI-data=18148  
FromELF: creating hex file...
"..\..\Output\Fire_FreeRTOS.axf" - 0 Error(s), 1 Warning(s).

<h2>Collection of Component include folders:</h2>
  C:\Users\Shuo\Desktop\stm32程序\02-Fire_F103c8t6-FreeRTOS-FreeRTOS-KEY\Project\RVMDK（uv5）\RTE
  d:\Keil_v5\ARM\PACK\Keil\STM32F1xx_DFP\1.1.0\Device\Include

<h2>Collection of Component Files used:</h2>
</pre>
</body>
</html>
