<html>
<body>
<pre>
<h1>µVision Build Log</h1>
<h2>Tool Versions:</h2>
IDE-Version: ¦ÌVision V5.15
Copyright (C) 2015 ARM Ltd and ARM Germany GmbH. All rights reserved.
License Information:  ,  , LIC=LJW8T-RWZ8X-X9ZG0-BW2LW-XERBD-UKHKQ
 
Tool Versions:
Toolchain:       MDK-ARM Professional  Version: 5.15.0
Toolchain Path:  d:\Keil_v5\ARM\ARMCC\Bin
C Compiler:      Armcc.exe V5.05 update 2 (build 169)
Assembler:       Armasm.exe V5.05 update 2 (build 169)
Linker/Locator:  ArmLink.exe V5.05 update 2 (build 169)
Library Manager: ArmAr.exe V5.05 update 2 (build 169)
Hex Converter:   FromElf.exe V5.05 update 2 (build 169)
CPU DLL:         SARMCM3.DLL V5.15.0
Dialog DLL:      DCM.DLL V1.13.2.0
Target DLL:      CMSIS_AGDI.dll V1.21.12.0
Dialog DLL:      TCM.DLL V1.14.5.0
 
<h2>Project:</h2>
C:\Users\Shuo\Desktop\10. FreeRTOS_STemWIN544_Button¿Ø¼þ\Project\RVMDK£¨uv5£©\Fire-F429.uvprojx
Project File Date:  12/29/2019

<h2>Output:</h2>
*** Using Compiler 'V5.05 update 2 (build 169)', folder: 'd:\Keil_v5\ARM\ARMCC\Bin'
Build target 'Fire-F429'
compiling main.c...
..\..\User\main.c(292): warning:  #223-D: function "GT9xx_GetOnePiont" declared implicitly
                GT9xx_GetOnePiont();
..\..\User\main.c(78): warning:  #177-D: variable "Swtmr2_Handle" was declared but never referenced
  static TimerHandle_t Swtmr2_Handle =NULL;   /* ?í¼þ¶?Ê±?÷¾ä±? */
..\..\User\main.c: 2 warnings, 0 errors
linking...
Program Size: Code=131724 RO-data=15288 RW-data=1920 ZI-data=8529944  
FromELF: creating hex file...
"..\..\Output\Fire-F429.axf" - 0 Error(s), 2 Warning(s).

<h2>Collection of Component include folders:</h2>
  C:\Users\Shuo\Desktop\10. FreeRTOS_STemWIN544_Button¿Ø¼þ\Project\RVMDK£¨uv5£©\RTE
  d:\Keil_v5\ARM\PACK\Keil\STM32F4xx_DFP\2.12.0\Drivers\CMSIS\Device\ST\STM32F4xx\Include

<h2>Collection of Component Files used:</h2>
</pre>
</body>
</html>
