<!doctype html public "-//w3c//dtd html 4.0 transitional//en">
<html><head>
<title>Static Call Graph - [..\..\Output\Fire-F429.axf]</title></head>
<body><HR>
<H1>Static Call Graph for image ..\..\Output\Fire-F429.axf</H1><HR>
<BR><P>#&#060CALLGRAPH&#062# ARM Linker, 5050169: Last Updated: Sat Jan 18 18:20:58 2020
<BR><P>
<H3>Maximum Stack Usage =        256 bytes + Unknown(Functions without stacksize, Cycles, Untraceable Function Pointers)</H3><H3>
Call chain for Maximum Stack Depth:</H3>
prvTimerTask &rArr; prvProcessReceivedCommands &rArr; prvSampleTimeNow &rArr; prvSwitchTimerLists &rArr; xTimerGenericCommand &rArr; xQueueGenericSend &rArr; prvCopyDataToQueue &rArr; xTaskPriorityDisinherit &rArr; __2printf
<P>
<H3>
Functions with no stack information
</H3><UL>
 <LI><a href="#[8a]">BUTTON_Callback</a>
 <LI><a href="#[ea]">BUTTON_CreateIndirect</a>
 <LI><a href="#[4]">BUTTON_DrawSkinFlex</a>
 <LI><a href="#[17d]">DROPDOWN_AddString</a>
 <LI><a href="#[8b]">DROPDOWN_Callback</a>
 <LI><a href="#[eb]">DROPDOWN_CreateIndirect</a>
 <LI><a href="#[5]">DROPDOWN_DrawSkinFlex</a>
 <LI><a href="#[19a]">DROPDOWN_SetFont</a>
 <LI><a href="#[19b]">DROPDOWN__GetpItemLocked</a>
 <LI><a href="#[8c]">EDIT_Callback</a>
 <LI><a href="#[1aa]">EDIT_CreateEx</a>
 <LI><a href="#[2d2]">EDIT_GetDefaultFont</a>
 <LI><a href="#[1ab]">EDIT_GetValue</a>
 <LI><a href="#[1ac]">EDIT_SetBkColor</a>
 <LI><a href="#[1ad]">EDIT_SetCursorAtChar</a>
 <LI><a href="#[1ae]">EDIT_SetDecMode</a>
 <LI><a href="#[1af]">EDIT_SetMaxLen</a>
 <LI><a href="#[1b2]">EDIT_SetTextColor</a>
 <LI><a href="#[1b3]">EDIT_SetValue</a>
 <LI><a href="#[1b0]">EDIT__GetCurrentChar</a>
 <LI><a href="#[1b1]">EDIT__SetCursorPos</a>
 <LI><a href="#[8f]">FRAMEWIN_Callback</a>
 <LI><a href="#[e6]">FRAMEWIN_CreateIndirect</a>
 <LI><a href="#[7]">FRAMEWIN_DrawSkinFlex</a>
 <LI><a href="#[1be]">FRAMEWIN_GetActive</a>
 <LI><a href="#[1c2]">FRAMEWIN_SetFont</a>
 <LI><a href="#[1c6]">FRAMEWIN_SetText</a>
 <LI><a href="#[1c7]">FRAMEWIN_SetTitleHeight</a>
 <LI><a href="#[1b8]">FRAMEWIN__CalcPositions</a>
 <LI><a href="#[1cb]">FRAMEWIN__CalcTitleHeight</a>
 <LI><a href="#[6]">FRAMEWIN__GetBorderSize</a>
 <LI><a href="#[1ca]">FRAMEWIN__GetTitleLimits</a>
 <LI><a href="#[1c5]">FRAMEWIN__UpdateButtons</a>
 <LI><a href="#[1c4]">FRAMEWIN__UpdatePositions</a>
 <LI><a href="#[1d4]">GL_SetDefault</a>
 <LI><a href="#[381]">GUICC_M1555I_SetCustColorConv</a>
 <LI><a href="#[383]">GUICC_M4444I_SetCustColorConv</a>
 <LI><a href="#[382]">GUICC_M565_SetCustColorConv</a>
 <LI><a href="#[385]">GUICC_M8888I_SetCustColorConv</a>
 <LI><a href="#[384]">GUICC_M888_SetCustColorConv</a>
 <LI><a href="#[131]">GUIMONO_DispChar</a>
 <LI><a href="#[132]">GUIMONO_GetCharDistX</a>
 <LI><a href="#[133]">GUIMONO_GetFontInfo</a>
 <LI><a href="#[134]">GUIMONO_IsInFont</a>
 <LI><a href="#[121]">GUIPROP_DispChar</a>
 <LI><a href="#[122]">GUIPROP_GetCharDistX</a>
 <LI><a href="#[123]">GUIPROP_GetFontInfo</a>
 <LI><a href="#[124]">GUIPROP_IsInFont</a>
 <LI><a href="#[1db]">GUITASK_CopyContext</a>
 <LI><a href="#[1dd]">GUITASK_Init</a>
 <LI><a href="#[1e1]">GUI_ALLOC_AllocInit</a>
 <LI><a href="#[1e3]">GUI_ALLOC_AllocNoInit</a>
 <LI><a href="#[1e4]">GUI_ALLOC_AllocZero</a>
 <LI><a href="#[35a]">GUI_ALLOC_AssignMemory</a>
 <LI><a href="#[182]">GUI_ALLOC_Free</a>
 <LI><a href="#[1ff]">GUI_ALLOC_FreeFixedBlock</a>
 <LI><a href="#[162]">GUI_ALLOC_FreePtr</a>
 <LI><a href="#[163]">GUI_ALLOC_FreePtrArray</a>
 <LI><a href="#[1df]">GUI_ALLOC_GetFixedBlock</a>
 <LI><a href="#[1e8]">GUI_ALLOC_GetMaxSize</a>
 <LI><a href="#[1ec]">GUI_ALLOC_GetSize</a>
 <LI><a href="#[203]">GUI_ALLOC_Lock</a>
 <LI><a href="#[15f]">GUI_ALLOC_LockH</a>
 <LI><a href="#[1a6]">GUI_ALLOC_Realloc</a>
 <LI><a href="#[1e9]">GUI_ALLOC_RequestSize</a>
 <LI><a href="#[205]">GUI_ALLOC_Unlock</a>
 <LI><a href="#[160]">GUI_ALLOC_UnlockH</a>
 <LI><a href="#[1fb]">GUI_ALLOC_h2p</a>
 <LI><a href="#[17f]">GUI_ARRAY_AddItem</a>
 <LI><a href="#[18a]">GUI_ARRAY_Create</a>
 <LI><a href="#[180]">GUI_ARRAY_Delete</a>
 <LI><a href="#[17b]">GUI_ARRAY_GetNumItems</a>
 <LI><a href="#[17c]">GUI_ARRAY_GethItem</a>
 <LI><a href="#[1ea]">GUI_ARRAY_GetpItemLocked</a>
 <LI><a href="#[1eb]">GUI_ARRAY_SetItem</a>
 <LI><a href="#[32c]">GUI_AddDecShift</a>
 <LI><a href="#[32b]">GUI_AddSign</a>
 <LI><a href="#[1ed]">GUI_CURSOR_SetPositionEx</a>
 <LI><a href="#[321]">GUI_CalcColorDist</a>
 <LI><a href="#[1d2]">GUI_Clear</a>
 <LI><a href="#[1f4]">GUI_ClearRect</a>
 <LI><a href="#[1f5]">GUI_ClearRectEx</a>
 <LI><a href="#[1f6]">GUI_CreateDialogBox</a>
 <LI><a href="#[261]">GUI_DCACHE_Clear</a>
 <LI><a href="#[1fc]">GUI_DEVICE_Create</a>
 <LI><a href="#[1fd]">GUI_DEVICE_CreateAndLink</a>
 <LI><a href="#[1fe]">GUI_DEVICE_Delete</a>
 <LI><a href="#[23a]">GUI_DEVICE_Link</a>
 <LI><a href="#[232]">GUI_DEVICE_LinkDevices</a>
 <LI><a href="#[29a]">GUI_DEVICE_Unlink</a>
 <LI><a href="#[231]">GUI_DEVICE_UnlinkTaskDevices</a>
 <LI><a href="#[241]">GUI_DEVICE__GetpDriver</a>
 <LI><a href="#[174]">GUI_DRAW__Draw</a>
 <LI><a href="#[200]">GUI_Delay</a>
 <LI><a href="#[20c]">GUI_DispStringAt</a>
 <LI><a href="#[172]">GUI_DispStringInRect</a>
 <LI><a href="#[210]">GUI_DispStringInRectWrap</a>
 <LI><a href="#[214]">GUI_DrawFocusRect</a>
 <LI><a href="#[a5]">GUI_DrawGradientH</a>
 <LI><a href="#[a4]">GUI_DrawGradientV</a>
 <LI><a href="#[177]">GUI_DrawHLine</a>
 <LI><a href="#[1c1]">GUI_DrawPixel</a>
 <LI><a href="#[16d]">GUI_DrawRect</a>
 <LI><a href="#[178]">GUI_DrawVLine</a>
 <LI><a href="#[202]">GUI_Exec</a>
 <LI><a href="#[179]">GUI_FillRect</a>
 <LI><a href="#[1c0]">GUI_FillRectEx</a>
 <LI><a href="#[26a]">GUI_GetBitmapPixelIndex</a>
 <LI><a href="#[259]">GUI_GetBitsPerPixelEx</a>
 <LI><a href="#[1da]">GUI_GetBkColor</a>
 <LI><a href="#[21a]">GUI_GetCharDistX</a>
 <LI><a href="#[21b]">GUI_GetCharDistXEx</a>
 <LI><a href="#[16f]">GUI_GetClientRect</a>
 <LI><a href="#[1d9]">GUI_GetColor</a>
 <LI><a href="#[1ee]">GUI_GetCursorLayer</a>
 <LI><a href="#[21e]">GUI_GetDrawMode</a>
 <LI><a href="#[207]">GUI_GetFontDistY</a>
 <LI><a href="#[21f]">GUI_GetFontInfo</a>
 <LI><a href="#[220]">GUI_GetLayerPosEx</a>
 <LI><a href="#[222]">GUI_GetOrg</a>
 <LI><a href="#[19f]">GUI_GetStringDistX</a>
 <LI><a href="#[223]">GUI_GetTime</a>
 <LI><a href="#[27e]">GUI_GetVersionString</a>
 <LI><a href="#[208]">GUI_GetYAdjust</a>
 <LI><a href="#[187]">GUI_GetYDistOfFont</a>
 <LI><a href="#[1c3]">GUI_GetYSizeOfFont</a>
 <LI><a href="#[25b]">GUI_GetpfColor2IndexEx</a>
 <LI><a href="#[25a]">GUI_GetpfIndex2ColorEx</a>
 <LI><a href="#[1f1]">GUI_GotoXY</a>
 <LI><a href="#[224]">GUI_Init</a>
 <LI><a href="#[166]">GUI_Lock</a>
 <LI><a href="#[233]">GUI_MEMDEV_Clear</a>
 <LI><a href="#[234]">GUI_MEMDEV_CopyToLCD</a>
 <LI><a href="#[23f]">GUI_MEMDEV_CreateEx</a>
 <LI><a href="#[242]">GUI_MEMDEV_Delete</a>
 <LI><a href="#[244]">GUI_MEMDEV_Draw</a>
 <LI><a href="#[24e]">GUI_MEMDEV_GetBitsPerPixel</a>
 <LI><a href="#[250]">GUI_MEMDEV_GetDataPtr</a>
 <LI><a href="#[247]">GUI_MEMDEV_GetYSize</a>
 <LI><a href="#[ae]">GUI_MEMDEV_Paint1Static</a>
 <LI><a href="#[249]">GUI_MEMDEV_ReduceYSize</a>
 <LI><a href="#[248]">GUI_MEMDEV_Select</a>
 <LI><a href="#[38a]">GUI_MEMDEV_SetDrawMemdev16bppFunc</a>
 <LI><a href="#[24a]">GUI_MEMDEV_SetOrg</a>
 <LI><a href="#[253]">GUI_MEMDEV_Write</a>
 <LI><a href="#[240]">GUI_MEMDEV__CreateFixed</a>
 <LI><a href="#[c1]">GUI_MEMDEV__WriteToActiveAlpha</a>
 <LI><a href="#[256]">GUI_MEMDEV__WriteToActiveAt</a>
 <LI><a href="#[23d]">GUI_MEMDEV__WriteToActiveOpaque</a>
 <LI><a href="#[25e]">GUI_MULTIBUF_BeginEx</a>
 <LI><a href="#[25f]">GUI_MULTIBUF_ConfigEx</a>
 <LI><a href="#[396]">GUI_MULTIBUF_ConfirmEx</a>
 <LI><a href="#[260]">GUI_MULTIBUF_EndEx</a>
 <LI><a href="#[30d]">GUI_MergeRect</a>
 <LI><a href="#[170]">GUI_MoveRect</a>
 <LI><a href="#[2fc]">GUI_PID_GetState</a>
 <LI><a href="#[2fb]">GUI_PID_IsEmpty</a>
 <LI><a href="#[262]">GUI_PID_StoreState</a>
 <LI><a href="#[264]">GUI_PollKeyMsg</a>
 <LI><a href="#[266]">GUI_ReadRectEx</a>
 <LI><a href="#[2e2]">GUI_RectsIntersect</a>
 <LI><a href="#[268]">GUI_RestoreContext</a>
 <LI><a href="#[1f0]">GUI_SPRITE_SetPosition</a>
 <LI><a href="#[26d]">GUI_SaveContext_W</a>
 <LI><a href="#[23e]">GUI_SelectLCD</a>
 <LI><a href="#[237]">GUI_SelectLayer</a>
 <LI><a href="#[26f]">GUI_SetBkColor</a>
 <LI><a href="#[16c]">GUI_SetColor</a>
 <LI><a href="#[236]">GUI_SetDrawMode</a>
 <LI><a href="#[16e]">GUI_SetFont</a>
 <LI><a href="#[386]">GUI_SetFuncAlphaBlending</a>
 <LI><a href="#[38b]">GUI_SetFuncDrawAlpha</a>
 <LI><a href="#[387]">GUI_SetFuncGetpPalConvTable</a>
 <LI><a href="#[388]">GUI_SetFuncMixColors</a>
 <LI><a href="#[389]">GUI_SetFuncMixColorsBulk</a>
 <LI><a href="#[1ef]">GUI_SetLayerPosEx</a>
 <LI><a href="#[22e]">GUI_SetOrg</a>
 <LI><a href="#[171]">GUI_SetTextMode</a>
 <LI><a href="#[263]">GUI_SignalEvent</a>
 <LI><a href="#[165]">GUI_StoreKey</a>
 <LI><a href="#[271]">GUI_TIMER_Create</a>
 <LI><a href="#[273]">GUI_TIMER_Delete</a>
 <LI><a href="#[95]">GUI_TIMER_Exec</a>
 <LI><a href="#[274]">GUI_TIMER_GetFlag</a>
 <LI><a href="#[275]">GUI_TIMER_Restart</a>
 <LI><a href="#[276]">GUI_TIMER_SetPeriod</a>
 <LI><a href="#[277]">GUI_TIMER__GetFirstTimer</a>
 <LI><a href="#[278]">GUI_TIMER__GetNextTimerLin</a>
 <LI><a href="#[1a5]">GUI_UC_Encode</a>
 <LI><a href="#[1a3]">GUI_UC_GetCharCode</a>
 <LI><a href="#[1a8]">GUI_UC_GetCharSize</a>
 <LI><a href="#[1a4]">GUI_UC__CalcSizeOfChar</a>
 <LI><a href="#[287]">GUI_UC__GetCharCodeInc</a>
 <LI><a href="#[326]">GUI_UC__NumBytes2NumChars</a>
 <LI><a href="#[1a2]">GUI_UC__NumChars2NumBytes</a>
 <LI><a href="#[323]">GUI_USAGE_AddRect</a>
 <LI><a href="#[257]">GUI_USAGE_BM_Create</a>
 <LI><a href="#[243]">GUI_USAGE_DecUseCnt</a>
 <LI><a href="#[168]">GUI_Unlock</a>
 <LI><a href="#[27a]">GUI__AllocAlphaBuffer</a>
 <LI><a href="#[251]">GUI__AlphaPreserveTrans</a>
 <LI><a href="#[27d]">GUI__CalcTextRect</a>
 <LI><a href="#[25c]">GUI__CompactPixelIndices</a>
 <LI><a href="#[32d]">GUI__CompactPixelIndicesEx</a>
 <LI><a href="#[225]">GUI__Config</a>
 <LI><a href="#[20b]">GUI__DispLine</a>
 <LI><a href="#[20f]">GUI__DispStringInRect</a>
 <LI><a href="#[2c5]">GUI__DivideRound32</a>
 <LI><a href="#[283]">GUI__DoAlphaBlending</a>
 <LI><a href="#[1bf]">GUI__DrawTwinArc2</a>
 <LI><a href="#[176]">GUI__DrawTwinArc4</a>
 <LI><a href="#[284]">GUI__ExpandPixelIndicesEx</a>
 <LI><a href="#[286]">GUI__FillTrippleArc</a>
 <LI><a href="#[32a]">GUI__GetCursorCharacter</a>
 <LI><a href="#[1a1]">GUI__GetCursorPosChar</a>
 <LI><a href="#[329]">GUI__GetCursorPosX</a>
 <LI><a href="#[20a]">GUI__GetLineDistX</a>
 <LI><a href="#[209]">GUI__GetLineNumChars</a>
 <LI><a href="#[1a0]">GUI__GetNumChars</a>
 <LI><a href="#[282]">GUI__HandleEOLine</a>
 <LI><a href="#[2a9]">GUI__IntersectRect</a>
 <LI><a href="#[20e]">GUI__IntersectRects</a>
 <LI><a href="#[288]">GUI__InvertRectColors</a>
 <LI><a href="#[28c]">GUI__ManageCache</a>
 <LI><a href="#[1]">GUI__MixColors</a>
 <LI><a href="#[2]">GUI__MixColorsBulk</a>
 <LI><a href="#[215]">GUI__ReduceRect</a>
 <LI><a href="#[1de]">GUI__RegisterExit</a>
 <LI><a href="#[16a]">GUI__SetText</a>
 <LI><a href="#[212]">GUI__WrapGetNumBytesToNextLine</a>
 <LI><a href="#[213]">GUI__WrapGetNumCharsDisp</a>
 <LI><a href="#[28d]">GUI__memset</a>
 <LI><a href="#[285]">GUI__sqrt32</a>
 <LI><a href="#[2c1]">GUI__strlen</a>
 <LI><a href="#[1f]">LCD_AA_MixColors16</a>
 <LI><a href="#[27c]">LCD_AA_SetOrMask</a>
 <LI><a href="#[28a]">LCD_Color2Index</a>
 <LI><a href="#[f1]">LCD_Color2Index_8666</a>
 <LI><a href="#[1d7]">LCD_DrawBitmap</a>
 <LI><a href="#[110]">LCD_DrawHLine</a>
 <LI><a href="#[111]">LCD_DrawPixel</a>
 <LI><a href="#[216]">LCD_DrawVLine</a>
 <LI><a href="#[1d8]">LCD_FillRect</a>
 <LI><a href="#[28e]">LCD_GetBitsPerPixelEx</a>
 <LI><a href="#[218]">LCD_GetBkColorIndex</a>
 <LI><a href="#[21d]">LCD_GetColorIndex</a>
 <LI><a href="#[3b5]">LCD_GetDevFunc</a>
 <LI><a href="#[28f]">LCD_GetMirrorXEx</a>
 <LI><a href="#[290]">LCD_GetMirrorYEx</a>
 <LI><a href="#[291]">LCD_GetNumColors</a>
 <LI><a href="#[292]">LCD_GetNumColorsEx</a>
 <LI><a href="#[293]">LCD_GetNumLayers</a>
 <LI><a href="#[294]">LCD_GetPalette</a>
 <LI><a href="#[289]">LCD_GetPixelIndex</a>
 <LI><a href="#[221]">LCD_GetPosEx</a>
 <LI><a href="#[295]">LCD_GetSwapXYEx</a>
 <LI><a href="#[24c]">LCD_GetVXSizeEx</a>
 <LI><a href="#[27b]">LCD_GetVXSizeMax</a>
 <LI><a href="#[24d]">LCD_GetVYSizeEx</a>
 <LI><a href="#[254]">LCD_GetXSize</a>
 <LI><a href="#[229]">LCD_GetXSizeDisplay</a>
 <LI><a href="#[245]">LCD_GetXSizeEx</a>
 <LI><a href="#[22b]">LCD_GetXSizeMax</a>
 <LI><a href="#[255]">LCD_GetYSize</a>
 <LI><a href="#[22a]">LCD_GetYSizeDisplay</a>
 <LI><a href="#[246]">LCD_GetYSizeEx</a>
 <LI><a href="#[22c]">LCD_GetYSizeMax</a>
 <LI><a href="#[296]">LCD_GetpPalConvTable</a>
 <LI><a href="#[0]">LCD_GetpPalConvTableBM</a>
 <LI><a href="#[219]">LCD_Index2Color</a>
 <LI><a href="#[f2]">LCD_Index2Color_8666</a>
 <LI><a href="#[108]">LCD_Index2Color_M565</a>
 <LI><a href="#[9a]">LCD_Index2Color_M888</a>
 <LI><a href="#[99]">LCD_Index2Color_M8888I</a>
 <LI><a href="#[297]">LCD_InitColors</a>
 <LI><a href="#[298]">LCD_InitLUT</a>
 <LI><a href="#[26e]">LCD_SelectLCD</a>
 <LI><a href="#[1d1]">LCD_SetBkColor</a>
 <LI><a href="#[2a1]">LCD_SetBkColorIndex</a>
 <LI><a href="#[29b]">LCD_SetClipRectEx</a>
 <LI><a href="#[23c]">LCD_SetClipRectMax</a>
 <LI><a href="#[1d5]">LCD_SetColor</a>
 <LI><a href="#[2a0]">LCD_SetColorIndex</a>
 <LI><a href="#[29c]">LCD_SetDevFunc</a>
 <LI><a href="#[22d]">LCD_SetDisplaySize</a>
 <LI><a href="#[1d6]">LCD_SetDrawMode</a>
 <LI><a href="#[299]">LCD_SetLUTEntryEx</a>
 <LI><a href="#[28b]">LCD_SetPixelIndex</a>
 <LI><a href="#[270]">LCD_SetPosEx</a>
 <LI><a href="#[29d]">LCD_SetSizeEx</a>
 <LI><a href="#[29e]">LCD_SetVRAMAddrEx</a>
 <LI><a href="#[29f]">LCD_SetVSizeEx</a>
 <LI><a href="#[23b]">LCD_UpdateColorIndices</a>
 <LI><a href="#[25d]">LCD__DrawBitmap_1bpp</a>
 <LI><a href="#[24f]">LCD__GetBPPDevice</a>
 <LI><a href="#[2a2]">LISTBOX_AddString</a>
 <LI><a href="#[18e]">LISTBOX_AddStringH</a>
 <LI><a href="#[9c]">LISTBOX_Callback</a>
 <LI><a href="#[18d]">LISTBOX_CreateAsChild</a>
 <LI><a href="#[184]">LISTBOX_GetSel</a>
 <LI><a href="#[9d]">LISTBOX_OwnerDraw</a>
 <LI><a href="#[199]">LISTBOX_SetAutoScrollV</a>
 <LI><a href="#[18f]">LISTBOX_SetBkColor</a>
 <LI><a href="#[193]">LISTBOX_SetFont</a>
 <LI><a href="#[197]">LISTBOX_SetItemDisabled</a>
 <LI><a href="#[192]">LISTBOX_SetItemSpacing</a>
 <LI><a href="#[195]">LISTBOX_SetOwner</a>
 <LI><a href="#[191]">LISTBOX_SetScrollbarColor</a>
 <LI><a href="#[198]">LISTBOX_SetScrollbarWidth</a>
 <LI><a href="#[196]">LISTBOX_SetSel</a>
 <LI><a href="#[194]">LISTBOX_SetTextAlign</a>
 <LI><a href="#[190]">LISTBOX_SetTextColor</a>
 <LI><a href="#[9e]">RADIO_Callback</a>
 <LI><a href="#[e8]">RADIO_CreateIndirect</a>
 <LI><a href="#[9]">RADIO_DrawSkinFlex</a>
 <LI><a href="#[2bf]">RADIO_SetFont</a>
 <LI><a href="#[2c0]">RADIO_SetText</a>
 <LI><a href="#[8]">RADIO__GetButtonSize</a>
 <LI><a href="#[9f]">SCROLLBAR_Callback</a>
 <LI><a href="#[2c7]">SCROLLBAR_CreateAttached</a>
 <LI><a href="#[1e]">SCROLLBAR_DrawSkinFlex</a>
 <LI><a href="#[2ba]">SCROLLBAR_GetDefaultWidth</a>
 <LI><a href="#[2b8]">SCROLLBAR_SetColor</a>
 <LI><a href="#[2b9]">SCROLLBAR_SetWidth</a>
 <LI><a href="#[31f]">SCROLLBAR__Rect2VRect</a>
 <LI><a href="#[a6]">SPINBOX_Callback</a>
 <LI><a href="#[e7]">SPINBOX_CreateIndirect</a>
 <LI><a href="#[a]">SPINBOX_DrawSkinFlex</a>
 <LI><a href="#[2d8]">SPINBOX__ApplyProps</a>
 <LI><a href="#[2d5]">SPINBOX__DrawBk</a>
 <LI><a href="#[2d1]">SPINBOX__GetButtonRect</a>
 <LI><a href="#[2da]">SPINBOX__GetButtonRectEx</a>
 <LI><a href="#[a7]">TEXT_Callback</a>
 <LI><a href="#[e9]">TEXT_CreateIndirect</a>
 <LI><a href="#[2db]">TEXT_SetFont</a>
 <LI><a href="#[164]">WIDGET_AndState</a>
 <LI><a href="#[14b]">WIDGET_EFFECT_3D_DrawUp</a>
 <LI><a href="#[15c]">WIDGET_HandleActive</a>
 <LI><a href="#[15e]">WIDGET_OrState</a>
 <LI><a href="#[2d3]">WIDGET_SetEffect</a>
 <LI><a href="#[2d4]">WIDGET_SetFocusable</a>
 <LI><a href="#[2cb]">WIDGET_SetWidth</a>
 <LI><a href="#[2ca]">WIDGET__DrawTriangle</a>
 <LI><a href="#[2ab]">WIDGET__EFFECT_DrawDown</a>
 <LI><a href="#[2e1]">WIDGET__FillStringInRect</a>
 <LI><a href="#[2e3]">WIDGET__GetClientRect</a>
 <LI><a href="#[2e4]">WIDGET__GetInsideRect</a>
 <LI><a href="#[169]">WIDGET__Init</a>
 <LI><a href="#[2c9]">WIDGET__RotateRect90</a>
 <LI><a href="#[2e5]">WIDGET__SetScrollState</a>
 <LI><a href="#[238]">WM_Activate</a>
 <LI><a href="#[2e7]">WM_BringToBottom</a>
 <LI><a href="#[1b6]">WM_BringToTop</a>
 <LI><a href="#[328]">WM_CheckScrollBounds</a>
 <LI><a href="#[2c6]">WM_CreateTimer</a>
 <LI><a href="#[167]">WM_CreateWindowAsChild</a>
 <LI><a href="#[239]">WM_Deactivate</a>
 <LI><a href="#[15d]">WM_DefaultProc</a>
 <LI><a href="#[2c4]">WM_DeleteTimer</a>
 <LI><a href="#[181]">WM_DeleteWindow</a>
 <LI><a href="#[1bd]">WM_DisableMemdev</a>
 <LI><a href="#[217]">WM_Exec</a>
 <LI><a href="#[2ec]">WM_ForEachDesc</a>
 <LI><a href="#[2fa]">WM_GetActiveWindow</a>
 <LI><a href="#[2be]">WM_GetBkColor</a>
 <LI><a href="#[21c]">WM_GetClientRect</a>
 <LI><a href="#[2f6]">WM_GetClientRectEx</a>
 <LI><a href="#[1f7]">WM_GetClientWindow</a>
 <LI><a href="#[1f9]">WM_GetDesktopWindow</a>
 <LI><a href="#[30f]">WM_GetDesktopWindowEx</a>
 <LI><a href="#[2b7]">WM_GetDialogItem</a>
 <LI><a href="#[1cc]">WM_GetFirstChild</a>
 <LI><a href="#[183]">WM_GetFocusedWindow</a>
 <LI><a href="#[2aa]">WM_GetHasTrans</a>
 <LI><a href="#[2f8]">WM_GetId</a>
 <LI><a href="#[2b5]">WM_GetInsideRect</a>
 <LI><a href="#[2c8]">WM_GetInsideRectEx</a>
 <LI><a href="#[2a7]">WM_GetInsideRectExScrollbar</a>
 <LI><a href="#[1cd]">WM_GetNextSibling</a>
 <LI><a href="#[18c]">WM_GetParent</a>
 <LI><a href="#[2c2]">WM_GetScrollPartner</a>
 <LI><a href="#[2b0]">WM_GetScrollState</a>
 <LI><a href="#[2af]">WM_GetScrollbarH</a>
 <LI><a href="#[2ae]">WM_GetScrollbarV</a>
 <LI><a href="#[252]">WM_GetWindowOrgX</a>
 <LI><a href="#[2d9]">WM_GetWindowRectEx</a>
 <LI><a href="#[18b]">WM_GetWindowSizeX</a>
 <LI><a href="#[1c9]">WM_GetWindowSizeY</a>
 <LI><a href="#[93]">WM_HandlePID</a>
 <LI><a href="#[311]">WM_HasCaptured</a>
 <LI><a href="#[1bb]">WM_HasFocus</a>
 <LI><a href="#[2cf]">WM_HideWindow</a>
 <LI><a href="#[22f]">WM_Init</a>
 <LI><a href="#[2a8]">WM_InvalidateRect</a>
 <LI><a href="#[16b]">WM_InvalidateWindow</a>
 <LI><a href="#[306]">WM_InvalidateWindowAndDescs</a>
 <LI><a href="#[307]">WM_InvalidateWindowAndDescsEx</a>
 <LI><a href="#[2bd]">WM_IsFocusable</a>
 <LI><a href="#[1ba]">WM_IsWindow</a>
 <LI><a href="#[358]">WM_MULTIBUF_Enable</a>
 <LI><a href="#[1d0]">WM_MoveChildTo</a>
 <LI><a href="#[1ce]">WM_MoveWindow</a>
 <LI><a href="#[161]">WM_NotifyParent</a>
 <LI><a href="#[265]">WM_OnKey</a>
 <LI><a href="#[2ff]">WM_PID__SetPrevState</a>
 <LI><a href="#[303]">WM_ReleaseCapture</a>
 <LI><a href="#[1cf]">WM_ResizeWindow</a>
 <LI><a href="#[19e]">WM_RestartTimer</a>
 <LI><a href="#[301]">WM_Screen2hWin</a>
 <LI><a href="#[19d]">WM_SelectWindow</a>
 <LI><a href="#[2d0]">WM_SendMessage</a>
 <LI><a href="#[1fa]">WM_SendMessageNoPara</a>
 <LI><a href="#[2ef]">WM_SendToParent</a>
 <LI><a href="#[2c3]">WM_SetCapture</a>
 <LI><a href="#[1b7]">WM_SetCaptureMove</a>
 <LI><a href="#[2ce]">WM_SetEnableState</a>
 <LI><a href="#[185]">WM_SetFocus</a>
 <LI><a href="#[1bc]">WM_SetFocusOnNextChild</a>
 <LI><a href="#[1d3]">WM_SetFocusOnPrevChild</a>
 <LI><a href="#[175]">WM_SetHasTrans</a>
 <LI><a href="#[2e6]">WM_SetScrollState</a>
 <LI><a href="#[2b1]">WM_SetScrollValue</a>
 <LI><a href="#[316]">WM_SetScrollbarH</a>
 <LI><a href="#[2b6]">WM_SetScrollbarV</a>
 <LI><a href="#[189]">WM_SetSize</a>
 <LI><a href="#[20d]">WM_SetUserClipRect</a>
 <LI><a href="#[2df]">WM_SetXSize</a>
 <LI><a href="#[2de]">WM_SetYSize</a>
 <LI><a href="#[1f8]">WM_ShowWindow</a>
 <LI><a href="#[315]">WM_ValidateWindow</a>
 <LI><a href="#[318]">WM__ActivateClipRect</a>
 <LI><a href="#[2fd]">WM__AddCriticalHandle</a>
 <LI><a href="#[2f1]">WM__DeleteAssocTimer</a>
 <LI><a href="#[317]">WM__DeleteSecure</a>
 <LI><a href="#[2f5]">WM__ForEachDesc</a>
 <LI><a href="#[2ee]">WM__GetClientRectEx</a>
 <LI><a href="#[2dd]">WM__GetClientRectWin</a>
 <LI><a href="#[312]">WM__GetFocusedChild</a>
 <LI><a href="#[314]">WM__GetLastSibling</a>
 <LI><a href="#[1f3]">WM__GetNextIVR</a>
 <LI><a href="#[2e8]">WM__GetPrevSibling</a>
 <LI><a href="#[313]">WM__GetTopLevelLayer</a>
 <LI><a href="#[188]">WM__GetWindowSizeX</a>
 <LI><a href="#[1c8]">WM__GetWindowSizeY</a>
 <LI><a href="#[1f2]">WM__InitIVRSearch</a>
 <LI><a href="#[2eb]">WM__InsertWindowIntoList</a>
 <LI><a href="#[305]">WM__InvalidateDrawAndDescs</a>
 <LI><a href="#[30b]">WM__InvalidateParent</a>
 <LI><a href="#[2f2]">WM__InvalidateRect</a>
 <LI><a href="#[2e9]">WM__InvalidateRectEx</a>
 <LI><a href="#[1b5]">WM__IsAncestor</a>
 <LI><a href="#[1b4]">WM__IsAncestorOrSelf</a>
 <LI><a href="#[173]">WM__IsEnabled</a>
 <LI><a href="#[308]">WM__IsWindow</a>
 <LI><a href="#[309]">WM__MoveWindow</a>
 <LI><a href="#[ad]">WM__Paint1</a>
 <LI><a href="#[300]">WM__RemoveCriticalHandle</a>
 <LI><a href="#[2ea]">WM__RemoveWindowFromList</a>
 <LI><a href="#[2e0]">WM__Screen2Client</a>
 <LI><a href="#[1b9]">WM__SendMessage</a>
 <LI><a href="#[302]">WM__SendMessageIfEnabled</a>
 <LI><a href="#[24b]">WM__SendMessageNoPara</a>
 <LI><a href="#[30e]">WM__SendMsgNoData</a>
 <LI><a href="#[2fe]">WM__SendTouchMessage</a>
 <LI><a href="#[2dc]">WM__UpdateChildPositions</a>
 <LI><a href="#[228]">emWin_LCD_Init</a>
 <LI><a href="#[ec]">_Color2Index_1616I</a>
 <LI><a href="#[ed]">_Index2Color_1616I</a>
 <LI><a href="#[ee]">_GetIndexMask_1616I</a>
 <LI><a href="#[ef]">_Color2IndexBulk_1616I</a>
 <LI><a href="#[f0]">_Index2ColorBulk_1616I</a>
 <LI><a href="#[f3]">_GetIndexMask_8666</a>
 <LI><a href="#[f4]">_Color2Index_88666I</a>
 <LI><a href="#[f5]">_Index2Color_88666I</a>
 <LI><a href="#[f6]">_GetIndexMask_88666I</a>
 <LI><a href="#[f7]">_Color2IndexBulk_88666I</a>
 <LI><a href="#[f8]">_Index2ColorBulk_88666I</a>
 <LI><a href="#[f9]">_Color2Index_M1555I</a>
 <LI><a href="#[fa]">_Index2Color_M1555I</a>
 <LI><a href="#[fb]">_GetIndexMask_M1555I</a>
 <LI><a href="#[fc]">_Color2IndexBulk_M1555I</a>
 <LI><a href="#[fd]">_Index2ColorBulk_M1555I</a>
 <LI><a href="#[fe]">_Color2Index_M4444I</a>
 <LI><a href="#[ff]">_Index2Color_M4444I</a>
 <LI><a href="#[100]">_GetIndexMask_M4444I</a>
 <LI><a href="#[101]">_Color2IndexBulk_M4444I</a>
 <LI><a href="#[102]">_Index2ColorBulk_M4444I</a>
 <LI><a href="#[103]">_Color2Index_M8888I</a>
 <LI><a href="#[104]">_GetIndexMask_M8888I</a>
 <LI><a href="#[105]">_Color2IndexBulk_M8888I</a>
 <LI><a href="#[106]">_Index2ColorBulk_M8888I</a>
 <LI><a href="#[107]">_Color2Index_M565</a>
 <LI><a href="#[109]">_GetIndexMask_M565</a>
 <LI><a href="#[10a]">_Color2IndexBulk</a>
 <LI><a href="#[10b]">_Index2ColorBulk</a>
 <LI><a href="#[10c]">_Color2Index_M888</a>
 <LI><a href="#[10d]">_GetIndexMask_M888</a>
 <LI><a href="#[10e]">_Color2IndexBulk</a>
 <LI><a href="#[10f]">_Index2ColorBulk</a>
 <LI><a href="#[1e5]">_AddFreeMemory</a>
 <LI><a href="#[1e7]">_RemoveHoles</a>
 <LI><a href="#[1e6]">_EnlargeBlocks</a>
 <LI><a href="#[1e2]">_Alloc</a>
 <LI><a href="#[227]">_InitContext</a>
 <LI><a href="#[98]">_OnExit</a>
 <LI><a href="#[92]">_OnExit</a>
 <LI><a href="#[94]">_OnExit</a>
 <LI><a href="#[97]">_OnExit</a>
 <LI><a href="#[113]">_SetBkColor</a>
 <LI><a href="#[112]">_SetColor</a>
 <LI><a href="#[114]">_SetDrawMode</a>
 <LI><a href="#[9b]">_OnExit</a>
 <LI><a href="#[120]">_GetRect</a>
 <LI><a href="#[11a]">_SetPixelIndex</a>
 <LI><a href="#[119]">_GetPixelIndex</a>
 <LI><a href="#[11e]">_GetDevProp</a>
 <LI><a href="#[11f]">_GetDevData</a>
 <LI><a href="#[11d]">_GetDevFunc</a>
 <LI><a href="#[b0]">_SetVRAMAddr</a>
 <LI><a href="#[b1]">_SetVis</a>
 <LI><a href="#[b2]">_GetPos</a>
 <LI><a href="#[b3]">_SetPos</a>
 <LI><a href="#[b4]">_SetAlpha</a>
 <LI><a href="#[b5]">_SetVRAM_BufferPTR</a>
 <LI><a href="#[b6]">_ShowBuffer</a>
 <LI><a href="#[b7]">_CopyBuffer</a>
 <LI><a href="#[b8]">_SetDevFunc</a>
 <LI><a href="#[b9]">_SetChroma</a>
 <LI><a href="#[ba]">_SetChromaMode</a>
 <LI><a href="#[bb]">_SetAlphaMode</a>
 <LI><a href="#[bc]">_Off</a>
 <LI><a href="#[bd]">_On</a>
 <LI><a href="#[be]">_Init</a>
 <LI><a href="#[bf]">_SetSize</a>
 <LI><a href="#[c0]">_SetVSize</a>
 <LI><a href="#[11c]">_SetOrg</a>
 <LI><a href="#[118]">_FillRect</a>
 <LI><a href="#[116]">_DrawHLine</a>
 <LI><a href="#[117]">_DrawVLine</a>
 <LI><a href="#[115]">_DrawBitmap</a>
 <LI><a href="#[11b]">_XorPixel</a>
 <LI><a href="#[ab]">_OnExit</a>
 <LI><a href="#[325]">_Findy1</a>
 <LI><a href="#[324]">_Findx0</a>
 <LI><a href="#[31a]">_Findx1</a>
 <LI><a href="#[31d]">_Paint1Trans</a>
 <LI><a href="#[31c]">_PaintTransChildren</a>
 <LI><a href="#[319]">_Findx0.constprop.10</a>
 <LI><a href="#[31b]">_Findy1.constprop.11</a>
 <LI><a href="#[2f4]">WM__PaintWinAndOverlays</a>
 <LI><a href="#[aa]">_cbPaintMemDev</a>
 <LI><a href="#[304]">_Invalidate1Abs</a>
 <LI><a href="#[2ed]">WM_InvalidateRect.part.2</a>
 <LI><a href="#[ac]">_cbBackWin</a>
 <LI><a href="#[2f0]">WM_DeleteWindow.part.3</a>
 <LI><a href="#[2f3]">_Exec1Input</a>
 <LI><a href="#[30c]">WM_ResizeWindow.part.11</a>
 <LI><a href="#[2f9]">_GetDialogItem.part.4</a>
 <LI><a href="#[2f7]">_GetDialogItem</a>
 <LI><a href="#[126]">_MULTIBUF_End</a>
 <LI><a href="#[125]">_MULTIBUF_Begin</a>
 <LI><a href="#[3]">_OnTouchDefault</a>
 <LI><a href="#[186]">DROPDOWN_Expand.part.2</a>
 <LI><a href="#[17a]">DROPDOWN_AddKey.part.5</a>
 <LI><a href="#[90]">FRAMEWIN__cbClient</a>
 <LI><a href="#[2bc]">RADIO_AddValue.part.3</a>
 <LI><a href="#[2cd]">_OnAction</a>
 <LI><a href="#[2cc]">_OnButtonReleased.part.0</a>
 <LI><a href="#[127]">_Color2Index_16</a>
 <LI><a href="#[128]">_Index2Color_16</a>
 <LI><a href="#[129]">_GetIndexMask_16</a>
 <LI><a href="#[12c]">_GetIndexMask_0</a>
 <LI><a href="#[12b]">_Index2Color_0</a>
 <LI><a href="#[12a]">_Color2Index_0</a>
 <LI><a href="#[b]">_Log2VisBuffered</a>
 <LI><a href="#[281]">_DispLine</a>
 <LI><a href="#[206]">GUI_DispString.part.0</a>
 <LI><a href="#[211]">GUI_DispStringInRectWrap.part.1</a>
 <LI><a href="#[91]">_OnExit</a>
 <LI><a href="#[12d]">_GetCharCode</a>
 <LI><a href="#[12e]">_GetCharSize</a>
 <LI><a href="#[12f]">_CalcSizeOfChar</a>
 <LI><a href="#[130]">_Encode</a>
 <LI><a href="#[267]">LCD_ReadRectEx</a>
 <LI><a href="#[235]">GUI_MEMDEV_CopyToLCDAt.part.0</a>
 <LI><a href="#[13f]">_GetDevData</a>
 <LI><a href="#[13d]">_GetDevFunc</a>
 <LI><a href="#[13e]">_GetDevProp</a>
 <LI><a href="#[13c]">_SetOrg</a>
 <LI><a href="#[140]">_GetRect</a>
 <LI><a href="#[135]">_DrawBitmap</a>
 <LI><a href="#[139]">_GetPixelIndex</a>
 <LI><a href="#[13a]">_SetPixelIndex</a>
 <LI><a href="#[13b]">_XorPixel</a>
 <LI><a href="#[138]">_FillRect</a>
 <LI><a href="#[136]">_DrawHLine</a>
 <LI><a href="#[137]">_DrawVLine</a>
 <LI><a href="#[a8]">_cbInvalidateOne</a>
 <LI><a href="#[30a]">_MoveDescendents</a>
 <LI><a href="#[a9]">_cbTimer</a>
 <LI><a href="#[f]">_Create</a>
 <LI><a href="#[e]">_Paint</a>
 <LI><a href="#[11]">_Create</a>
 <LI><a href="#[10]">_Paint</a>
 <LI><a href="#[19c]">_Paint</a>
 <LI><a href="#[31e]">_AddPosition</a>
 <LI><a href="#[8e]">_UpdateBuffer</a>
 <LI><a href="#[8d]">_AddKeyDec</a>
 <LI><a href="#[14]">_GetBorderSize</a>
 <LI><a href="#[13]">_Create</a>
 <LI><a href="#[12]">_Paint</a>
 <LI><a href="#[2a6]">_GetItemSizeY</a>
 <LI><a href="#[2a5]">_GetItemPosY</a>
 <LI><a href="#[2bb]">_UpdateScrollPos</a>
 <LI><a href="#[320]">_GetContentsSizeX</a>
 <LI><a href="#[2ac]">_GetItemFromPos</a>
 <LI><a href="#[2a3]">_ManageAutoScroll</a>
 <LI><a href="#[2a4]">_CalcScrollParas</a>
 <LI><a href="#[2b4]">LISTBOX_InvalidateItem.part.4</a>
 <LI><a href="#[2b3]">LISTBOX_SetSel.part.6</a>
 <LI><a href="#[2b2]">_MoveSel</a>
 <LI><a href="#[2ad]">_ToggleMultiSel</a>
 <LI><a href="#[16]">_Create</a>
 <LI><a href="#[15]">_Paint</a>
 <LI><a href="#[18]">_Create</a>
 <LI><a href="#[17]">_Paint</a>
 <LI><a href="#[2d6]">_DrawButton</a>
 <LI><a href="#[2d7]">_DrawArrow</a>
 <LI><a href="#[142]">_DrawUpRect</a>
 <LI><a href="#[145]">_DrawFlat</a>
 <LI><a href="#[144]">_DrawDownRect</a>
 <LI><a href="#[143]">_DrawDown</a>
 <LI><a href="#[141]">_DrawUp</a>
 <LI><a href="#[96]">_OnExit</a>
 <LI><a href="#[272]">_Link</a>
 <LI><a href="#[19]">_GetCursorPosX</a>
 <LI><a href="#[1b]">_GetCursorCharacter</a>
 <LI><a href="#[1a]">_GetCursorPosChar</a>
 <LI><a href="#[1c]">_GetWordWrap</a>
 <LI><a href="#[1d]">_GetCharWrap</a>
 <LI><a href="#[146]">GUI_USAGE_BM_AddPixel</a>
 <LI><a href="#[14a]">GUI_USAGE_BM_GetNextDirty</a>
 <LI><a href="#[149]">_GUI_USAGE_BM_Delete</a>
 <LI><a href="#[148]">GUI_USAGE_BM_Clear</a>
 <LI><a href="#[147]">GUI_USAGE_BM_AddHLine</a>
 <LI><a href="#[258]">_WriteToActiveAlpha</a>
 <LI><a href="#[310]">_Screen2hWin</a>
 <LI><a href="#[14c]">_DrawUpRect</a>
 <LI><a href="#[14e]">_DrawDownRect</a>
 <LI><a href="#[14d]">_DrawDown</a>
 <LI><a href="#[152]">_DrawDownRect</a>
 <LI><a href="#[14f]">_DrawUp</a>
 <LI><a href="#[150]">_DrawUpRect</a>
 <LI><a href="#[151]">_DrawDown</a>
 <LI><a href="#[269]">_CreateBuffer.isra.4</a>
 <LI><a href="#[26b]">_SetBkIndexBuffered</a>
 <LI><a href="#[26c]">_ReleaseBuffer.isra.7</a>
 <LI><a href="#[21]">_Create</a>
 <LI><a href="#[af]">_CalcPositions</a>
 <LI><a href="#[20]">_Paint</a>
 <LI><a href="#[a0]">_DrawGraspH</a>
 <LI><a href="#[a2]">_DrawGraspV</a>
 <LI><a href="#[322]">_DrawFrame</a>
 <LI><a href="#[a1]">_DrawBackgroundH</a>
 <LI><a href="#[a3]">_DrawBackgroundV</a>
</UL>
</UL>
<P>
<H3>
Mutually Recursive functions
</H3> <LI><a href="#[3e]">ADC_IRQHandler</a>&nbsp;&nbsp;&nbsp;&rArr;&nbsp;&nbsp;&nbsp;<a href="#[3e]">ADC_IRQHandler</a><BR>
 <LI><a href="#[1b9]">WM__SendMessage</a>&nbsp;&nbsp;&nbsp;&rArr;&nbsp;&nbsp;&nbsp;<a href="#[15d]">WM_DefaultProc</a><BR>
 <LI><a href="#[2f2]">WM__InvalidateRect</a>&nbsp;&nbsp;&nbsp;&rArr;&nbsp;&nbsp;&nbsp;<a href="#[2f2]">WM__InvalidateRect</a><BR>
 <LI><a href="#[307]">WM_InvalidateWindowAndDescsEx</a>&nbsp;&nbsp;&nbsp;&rArr;&nbsp;&nbsp;&nbsp;<a href="#[307]">WM_InvalidateWindowAndDescsEx</a><BR>
 <LI><a href="#[305]">WM__InvalidateDrawAndDescs</a>&nbsp;&nbsp;&nbsp;&rArr;&nbsp;&nbsp;&nbsp;<a href="#[305]">WM__InvalidateDrawAndDescs</a><BR>
 <LI><a href="#[30c]">WM_ResizeWindow.part.11</a>&nbsp;&nbsp;&nbsp;&rArr;&nbsp;&nbsp;&nbsp;<a href="#[2dc]">WM__UpdateChildPositions</a><BR>
 <LI><a href="#[30a]">_MoveDescendents</a>&nbsp;&nbsp;&nbsp;&rArr;&nbsp;&nbsp;&nbsp;<a href="#[30a]">_MoveDescendents</a><BR>
 <LI><a href="#[2f5]">WM__ForEachDesc</a>&nbsp;&nbsp;&nbsp;&rArr;&nbsp;&nbsp;&nbsp;<a href="#[2f5]">WM__ForEachDesc</a><BR>
 <LI><a href="#[1e6]">_EnlargeBlocks</a>&nbsp;&nbsp;&nbsp;&rArr;&nbsp;&nbsp;&nbsp;<a href="#[1e2]">_Alloc</a><BR>
 <LI><a href="#[325]">_Findy1</a>&nbsp;&nbsp;&nbsp;&rArr;&nbsp;&nbsp;&nbsp;<a href="#[325]">_Findy1</a><BR>
 <LI><a href="#[324]">_Findx0</a>&nbsp;&nbsp;&nbsp;&rArr;&nbsp;&nbsp;&nbsp;<a href="#[324]">_Findx0</a><BR>
 <LI><a href="#[31a]">_Findx1</a>&nbsp;&nbsp;&nbsp;&rArr;&nbsp;&nbsp;&nbsp;<a href="#[31a]">_Findx1</a><BR>
 <LI><a href="#[2f9]">_GetDialogItem.part.4</a>&nbsp;&nbsp;&nbsp;&rArr;&nbsp;&nbsp;&nbsp;<a href="#[2f9]">_GetDialogItem.part.4</a><BR>
 <LI><a href="#[306]">WM_InvalidateWindowAndDescs</a>&nbsp;&nbsp;&nbsp;&rArr;&nbsp;&nbsp;&nbsp;<a href="#[306]">WM_InvalidateWindowAndDescs</a><BR>
 <LI><a href="#[310]">_Screen2hWin</a>&nbsp;&nbsp;&nbsp;&rArr;&nbsp;&nbsp;&nbsp;<a href="#[310]">_Screen2hWin</a><BR>
 <LI><a href="#[2f0]">WM_DeleteWindow.part.3</a>&nbsp;&nbsp;&nbsp;&rArr;&nbsp;&nbsp;&nbsp;<a href="#[2f0]">WM_DeleteWindow.part.3</a><BR>
 <LI><a href="#[31c]">_PaintTransChildren</a>&nbsp;&nbsp;&nbsp;&rArr;&nbsp;&nbsp;&nbsp;<a href="#[31c]">_PaintTransChildren</a><BR>
</UL>
<P>
<H3>
Function Pointers
</H3><UL>
 <LI><a href="#[3e]">ADC_IRQHandler</a> from startup_stm32f429_439xx.o(.text) referenced from startup_stm32f429_439xx.o(RESET)
 <LI><a href="#[e2]">AppTaskCreate</a> from main.o(i.AppTaskCreate) referenced from main.o(i.main)
 <LI><a href="#[8a]">BUTTON_Callback</a> from BUTTON.o(.text.BUTTON_Callback) referenced from BUTTON.o(.text.BUTTON_CreateIndirect)
 <LI><a href="#[ea]">BUTTON_CreateIndirect</a> from BUTTON.o(.text.BUTTON_CreateIndirect) referenced from framewindlg.o(.constdata)
 <LI><a href="#[4]">BUTTON_DrawSkinFlex</a> from BUTTON_SkinFlex.o(.text.BUTTON_DrawSkinFlex) referenced 2 times from BUTTON.o(.data)
 <LI><a href="#[26]">BusFault_Handler</a> from stm32f4xx_it.o(i.BusFault_Handler) referenced from startup_stm32f429_439xx.o(RESET)
 <LI><a href="#[40]">CAN1_RX0_IRQHandler</a> from startup_stm32f429_439xx.o(.text) referenced from startup_stm32f429_439xx.o(RESET)
 <LI><a href="#[41]">CAN1_RX1_IRQHandler</a> from startup_stm32f429_439xx.o(.text) referenced from startup_stm32f429_439xx.o(RESET)
 <LI><a href="#[42]">CAN1_SCE_IRQHandler</a> from startup_stm32f429_439xx.o(.text) referenced from startup_stm32f429_439xx.o(RESET)
 <LI><a href="#[3f]">CAN1_TX_IRQHandler</a> from startup_stm32f429_439xx.o(.text) referenced from startup_stm32f429_439xx.o(RESET)
 <LI><a href="#[6c]">CAN2_RX0_IRQHandler</a> from startup_stm32f429_439xx.o(.text) referenced from startup_stm32f429_439xx.o(RESET)
 <LI><a href="#[6d]">CAN2_RX1_IRQHandler</a> from startup_stm32f429_439xx.o(.text) referenced from startup_stm32f429_439xx.o(RESET)
 <LI><a href="#[6e]">CAN2_SCE_IRQHandler</a> from startup_stm32f429_439xx.o(.text) referenced from startup_stm32f429_439xx.o(RESET)
 <LI><a href="#[6b]">CAN2_TX_IRQHandler</a> from startup_stm32f429_439xx.o(.text) referenced from startup_stm32f429_439xx.o(RESET)
 <LI><a href="#[7b]">CRYP_IRQHandler</a> from startup_stm32f429_439xx.o(.text) referenced from startup_stm32f429_439xx.o(RESET)
 <LI><a href="#[7a]">DCMI_IRQHandler</a> from startup_stm32f429_439xx.o(.text) referenced from startup_stm32f429_439xx.o(RESET)
 <LI><a href="#[37]">DMA1_Stream0_IRQHandler</a> from startup_stm32f429_439xx.o(.text) referenced from startup_stm32f429_439xx.o(RESET)
 <LI><a href="#[38]">DMA1_Stream1_IRQHandler</a> from startup_stm32f429_439xx.o(.text) referenced from startup_stm32f429_439xx.o(RESET)
 <LI><a href="#[39]">DMA1_Stream2_IRQHandler</a> from startup_stm32f429_439xx.o(.text) referenced from startup_stm32f429_439xx.o(RESET)
 <LI><a href="#[3a]">DMA1_Stream3_IRQHandler</a> from startup_stm32f429_439xx.o(.text) referenced from startup_stm32f429_439xx.o(RESET)
 <LI><a href="#[3b]">DMA1_Stream4_IRQHandler</a> from startup_stm32f429_439xx.o(.text) referenced from startup_stm32f429_439xx.o(RESET)
 <LI><a href="#[3c]">DMA1_Stream5_IRQHandler</a> from startup_stm32f429_439xx.o(.text) referenced from startup_stm32f429_439xx.o(RESET)
 <LI><a href="#[3d]">DMA1_Stream6_IRQHandler</a> from startup_stm32f429_439xx.o(.text) referenced from startup_stm32f429_439xx.o(RESET)
 <LI><a href="#[5b]">DMA1_Stream7_IRQHandler</a> from startup_stm32f429_439xx.o(.text) referenced from startup_stm32f429_439xx.o(RESET)
 <LI><a href="#[86]">DMA2D_IRQHandler</a> from stm32f4xx_it.o(i.DMA2D_IRQHandler) referenced from startup_stm32f429_439xx.o(RESET)
 <LI><a href="#[64]">DMA2_Stream0_IRQHandler</a> from startup_stm32f429_439xx.o(.text) referenced from startup_stm32f429_439xx.o(RESET)
 <LI><a href="#[65]">DMA2_Stream1_IRQHandler</a> from startup_stm32f429_439xx.o(.text) referenced from startup_stm32f429_439xx.o(RESET)
 <LI><a href="#[66]">DMA2_Stream2_IRQHandler</a> from startup_stm32f429_439xx.o(.text) referenced from startup_stm32f429_439xx.o(RESET)
 <LI><a href="#[67]">DMA2_Stream3_IRQHandler</a> from fatfs_sd_sdio.o(i.DMA2_Stream3_IRQHandler) referenced from startup_stm32f429_439xx.o(RESET)
 <LI><a href="#[68]">DMA2_Stream4_IRQHandler</a> from startup_stm32f429_439xx.o(.text) referenced from startup_stm32f429_439xx.o(RESET)
 <LI><a href="#[70]">DMA2_Stream5_IRQHandler</a> from startup_stm32f429_439xx.o(.text) referenced from startup_stm32f429_439xx.o(RESET)
 <LI><a href="#[71]">DMA2_Stream6_IRQHandler</a> from startup_stm32f429_439xx.o(.text) referenced from startup_stm32f429_439xx.o(RESET)
 <LI><a href="#[72]">DMA2_Stream7_IRQHandler</a> from startup_stm32f429_439xx.o(.text) referenced from startup_stm32f429_439xx.o(RESET)
 <LI><a href="#[8b]">DROPDOWN_Callback</a> from DROPDOWN.o(.text.DROPDOWN_Callback) referenced from DROPDOWN.o(.text.DROPDOWN_CreateIndirect)
 <LI><a href="#[eb]">DROPDOWN_CreateIndirect</a> from DROPDOWN.o(.text.DROPDOWN_CreateIndirect) referenced from framewindlg.o(.constdata)
 <LI><a href="#[5]">DROPDOWN_DrawSkinFlex</a> from DROPDOWN_SkinFlex.o(.text.DROPDOWN_DrawSkinFlex) referenced 2 times from DROPDOWN.o(.data)
 <LI><a href="#[29]">DebugMon_Handler</a> from stm32f4xx_it.o(i.DebugMon_Handler) referenced from startup_stm32f429_439xx.o(RESET)
 <LI><a href="#[8c]">EDIT_Callback</a> from EDIT.o(.text.EDIT_Callback) referenced from EDIT.o(.text.EDIT_CreateEx)
 <LI><a href="#[69]">ETH_IRQHandler</a> from startup_stm32f429_439xx.o(.text) referenced from startup_stm32f429_439xx.o(RESET)
 <LI><a href="#[6a]">ETH_WKUP_IRQHandler</a> from startup_stm32f429_439xx.o(.text) referenced from startup_stm32f429_439xx.o(RESET)
 <LI><a href="#[32]">EXTI0_IRQHandler</a> from startup_stm32f429_439xx.o(.text) referenced from startup_stm32f429_439xx.o(RESET)
 <LI><a href="#[54]">EXTI15_10_IRQHandler</a> from startup_stm32f429_439xx.o(.text) referenced from startup_stm32f429_439xx.o(RESET)
 <LI><a href="#[33]">EXTI1_IRQHandler</a> from startup_stm32f429_439xx.o(.text) referenced from startup_stm32f429_439xx.o(RESET)
 <LI><a href="#[34]">EXTI2_IRQHandler</a> from startup_stm32f429_439xx.o(.text) referenced from startup_stm32f429_439xx.o(RESET)
 <LI><a href="#[35]">EXTI3_IRQHandler</a> from startup_stm32f429_439xx.o(.text) referenced from startup_stm32f429_439xx.o(RESET)
 <LI><a href="#[36]">EXTI4_IRQHandler</a> from startup_stm32f429_439xx.o(.text) referenced from startup_stm32f429_439xx.o(RESET)
 <LI><a href="#[43]">EXTI9_5_IRQHandler</a> from startup_stm32f429_439xx.o(.text) referenced from startup_stm32f429_439xx.o(RESET)
 <LI><a href="#[30]">FLASH_IRQHandler</a> from startup_stm32f429_439xx.o(.text) referenced from startup_stm32f429_439xx.o(RESET)
 <LI><a href="#[5c]">FMC_IRQHandler</a> from startup_stm32f429_439xx.o(.text) referenced from startup_stm32f429_439xx.o(RESET)
 <LI><a href="#[7d]">FPU_IRQHandler</a> from startup_stm32f429_439xx.o(.text) referenced from startup_stm32f429_439xx.o(RESET)
 <LI><a href="#[8f]">FRAMEWIN_Callback</a> from FRAMEWIN.o(.text.FRAMEWIN_Callback) referenced from FRAMEWIN.o(.text.FRAMEWIN_CreateIndirect)
 <LI><a href="#[e6]">FRAMEWIN_CreateIndirect</a> from FRAMEWIN.o(.text.FRAMEWIN_CreateIndirect) referenced from framewindlg.o(.constdata)
 <LI><a href="#[7]">FRAMEWIN_DrawSkinFlex</a> from FRAMEWIN_SkinFlex.o(.text.FRAMEWIN_DrawSkinFlex) referenced 4 times from FRAMEWIN.o(.data)
 <LI><a href="#[6]">FRAMEWIN__GetBorderSize</a> from FRAMEWIN.o(.text.FRAMEWIN__GetBorderSize) referenced 2 times from FRAMEWIN.o(.data)
 <LI><a href="#[90]">FRAMEWIN__cbClient</a> from FRAMEWIN.o(.text.FRAMEWIN__cbClient) referenced from FRAMEWIN.o(.text.FRAMEWIN_CreateIndirect)
 <LI><a href="#[131]">GUIMONO_DispChar</a> from GUI_CharM.o(.text.GUIMONO_DispChar) referenced 2 times from F6x8.o(.rodata)
 <LI><a href="#[132]">GUIMONO_GetCharDistX</a> from GUI_CharM.o(.text.GUIMONO_GetCharDistX) referenced 2 times from F6x8.o(.rodata)
 <LI><a href="#[133]">GUIMONO_GetFontInfo</a> from GUI_CharM.o(.text.GUIMONO_GetFontInfo) referenced 2 times from F6x8.o(.rodata)
 <LI><a href="#[134]">GUIMONO_IsInFont</a> from GUI_CharM.o(.text.GUIMONO_IsInFont) referenced 2 times from F6x8.o(.rodata)
 <LI><a href="#[121]">GUIPROP_DispChar</a> from GUI_CharP.o(.text.GUIPROP_DispChar) referenced 3 times from F24_ASCII.o(.rodata)
 <LI><a href="#[122]">GUIPROP_GetCharDistX</a> from GUI_CharP.o(.text.GUIPROP_GetCharDistX) referenced 3 times from F24_ASCII.o(.rodata)
 <LI><a href="#[123]">GUIPROP_GetFontInfo</a> from GUI_CharP.o(.text.GUIPROP_GetFontInfo) referenced 3 times from F24_ASCII.o(.rodata)
 <LI><a href="#[124]">GUIPROP_IsInFont</a> from GUI_CharP.o(.text.GUIPROP_IsInFont) referenced 3 times from F24_ASCII.o(.rodata)
 <LI><a href="#[a5]">GUI_DrawGradientH</a> from GUI_DrawGradient.o(.text.GUI_DrawGradientH) referenced from SCROLLBAR_SkinFlex.o(.text.SCROLLBAR_DrawSkinFlex)
 <LI><a href="#[a4]">GUI_DrawGradientV</a> from GUI_DrawGradient.o(.text.GUI_DrawGradientV) referenced from SCROLLBAR_SkinFlex.o(.text.SCROLLBAR_DrawSkinFlex)
 <LI><a href="#[ae]">GUI_MEMDEV_Paint1Static</a> from GUIDEV_StaticDevices.o(.text.GUI_MEMDEV_Paint1Static) referenced from WM.o(.text.WM__PaintWinAndOverlays)
 <LI><a href="#[ae]">GUI_MEMDEV_Paint1Static</a> from GUIDEV_StaticDevices.o(.text.GUI_MEMDEV_Paint1Static) referenced from WM.o(.text._Paint1Trans)
 <LI><a href="#[c1]">GUI_MEMDEV__WriteToActiveAlpha</a> from GUIDEV_WriteToActiveAlpha.o(.text.GUI_MEMDEV__WriteToActiveAlpha) referenced from GUIDEV_32.o(.text._GetDevFunc)
 <LI><a href="#[95]">GUI_TIMER_Exec</a> from GUI_Timer.o(.text.GUI_TIMER_Exec) referenced from GUI_Timer.o(.text.GUI_TIMER_Create)
 <LI><a href="#[c5]">GUI_Task</a> from main.o(i.GUI_Task) referenced from main.o(i.AppTaskCreate)
 <LI><a href="#[147]">GUI_USAGE_BM_AddHLine</a> from GUIDEV_UsageBM.o(.text.GUI_USAGE_BM_AddHLine) referenced from GUIDEV_UsageBM.o(.rodata)
 <LI><a href="#[146]">GUI_USAGE_BM_AddPixel</a> from GUIDEV_UsageBM.o(.text.GUI_USAGE_BM_AddPixel) referenced from GUIDEV_UsageBM.o(.rodata)
 <LI><a href="#[148]">GUI_USAGE_BM_Clear</a> from GUIDEV_UsageBM.o(.text.GUI_USAGE_BM_Clear) referenced from GUIDEV_UsageBM.o(.rodata)
 <LI><a href="#[14a]">GUI_USAGE_BM_GetNextDirty</a> from GUIDEV_UsageBM.o(.text.GUI_USAGE_BM_GetNextDirty) referenced from GUIDEV_UsageBM.o(.rodata)
 <LI><a href="#[1]">GUI__MixColors</a> from GUI__Alpha.o(.text.GUI__MixColors) referenced 2 times from GUI__Alpha.o(.data)
 <LI><a href="#[2]">GUI__MixColorsBulk</a> from GUI__Alpha.o(.text.GUI__MixColorsBulk) referenced 2 times from GUI__Alpha.o(.data)
 <LI><a href="#[c7]">GetPinStateOfKey1</a> from bsp_key.o(i.GetPinStateOfKey1) referenced from main.o(i.BSP_Init)
 <LI><a href="#[c8]">GetPinStateOfKey2</a> from bsp_key.o(i.GetPinStateOfKey2) referenced from main.o(i.BSP_Init)
 <LI><a href="#[7c]">HASH_RNG_IRQHandler</a> from startup_stm32f429_439xx.o(.text) referenced from startup_stm32f429_439xx.o(RESET)
 <LI><a href="#[24]">HardFault_Handler</a> from stm32f4xx_it.o(i.HardFault_Handler) referenced from startup_stm32f429_439xx.o(RESET)
 <LI><a href="#[4c]">I2C1_ER_IRQHandler</a> from startup_stm32f429_439xx.o(.text) referenced from startup_stm32f429_439xx.o(RESET)
 <LI><a href="#[4b]">I2C1_EV_IRQHandler</a> from startup_stm32f429_439xx.o(.text) referenced from startup_stm32f429_439xx.o(RESET)
 <LI><a href="#[4e]">I2C2_ER_IRQHandler</a> from startup_stm32f429_439xx.o(.text) referenced from startup_stm32f429_439xx.o(RESET)
 <LI><a href="#[4d]">I2C2_EV_IRQHandler</a> from startup_stm32f429_439xx.o(.text) referenced from startup_stm32f429_439xx.o(RESET)
 <LI><a href="#[75]">I2C3_ER_IRQHandler</a> from startup_stm32f429_439xx.o(.text) referenced from startup_stm32f429_439xx.o(RESET)
 <LI><a href="#[74]">I2C3_EV_IRQHandler</a> from startup_stm32f429_439xx.o(.text) referenced from startup_stm32f429_439xx.o(RESET)
 <LI><a href="#[c3]">Key_Task</a> from main.o(i.Key_Task) referenced from main.o(i.AppTaskCreate)
 <LI><a href="#[1f]">LCD_AA_MixColors16</a> from LCD_AA.o(.text.LCD_AA_MixColors16) referenced 2 times from LCD_AA.o(.data)
 <LI><a href="#[f1]">LCD_Color2Index_8666</a> from GUICC_8666.o(.text.LCD_Color2Index_8666) referenced from GUICC_8666.o(.rodata)
 <LI><a href="#[110]">LCD_DrawHLine</a> from LCD.o(.text.LCD_DrawHLine) referenced from GUI_Core.o(.rodata)
 <LI><a href="#[111]">LCD_DrawPixel</a> from LCD.o(.text.LCD_DrawPixel) referenced from GUI_Core.o(.rodata)
 <LI><a href="#[0]">LCD_GetpPalConvTableBM</a> from LCD_Color.o(.text.LCD_GetpPalConvTableBM) referenced 2 times from GUI_Core.o(.data)
 <LI><a href="#[f2]">LCD_Index2Color_8666</a> from GUICC_8666.o(.text.LCD_Index2Color_8666) referenced from GUICC_8666.o(.rodata)
 <LI><a href="#[108]">LCD_Index2Color_M565</a> from GUICC_M565.o(.text.LCD_Index2Color_M565) referenced from GUICC_M565.o(.rodata)
 <LI><a href="#[9a]">LCD_Index2Color_M888</a> from GUICC_M888_Index2Color.o(.text.LCD_Index2Color_M888) referenced from GUICC_M888.o(.rodata)
 <LI><a href="#[9a]">LCD_Index2Color_M888</a> from GUICC_M888_Index2Color.o(.text.LCD_Index2Color_M888) referenced from GUI__Alpha.o(.text.GUI__DoAlphaBlending)
 <LI><a href="#[99]">LCD_Index2Color_M8888I</a> from GUICC_M8888I_Index2Color.o(.text.LCD_Index2Color_M8888I) referenced from GUICC_M8888I.o(.rodata)
 <LI><a href="#[99]">LCD_Index2Color_M8888I</a> from GUICC_M8888I_Index2Color.o(.text.LCD_Index2Color_M8888I) referenced from GUI__Alpha.o(.text.GUI__DoAlphaBlending)
 <LI><a href="#[99]">LCD_Index2Color_M8888I</a> from GUICC_M8888I_Index2Color.o(.text.LCD_Index2Color_M8888I) referenced from GUIDEV_WriteToActiveAlpha.o(.text._WriteToActiveAlpha)
 <LI><a href="#[c2]">LED_Task</a> from main.o(i.LED_Task) referenced from main.o(i.AppTaskCreate)
 <LI><a href="#[9c]">LISTBOX_Callback</a> from LISTBOX.o(.text.LISTBOX_Callback) referenced from LISTBOX.o(.text.LISTBOX_CreateAsChild)
 <LI><a href="#[9d]">LISTBOX_OwnerDraw</a> from LISTBOX.o(.text.LISTBOX_OwnerDraw) referenced from LISTBOX.o(.text.LISTBOX_CreateAsChild)
 <LI><a href="#[85]">LTDC_ER_IRQHandler</a> from startup_stm32f429_439xx.o(.text) referenced from startup_stm32f429_439xx.o(RESET)
 <LI><a href="#[84]">LTDC_IRQHandler</a> from stm32f4xx_it.o(i.LTDC_IRQHandler) referenced from startup_stm32f429_439xx.o(RESET)
 <LI><a href="#[25]">MemManage_Handler</a> from stm32f4xx_it.o(i.MemManage_Handler) referenced from startup_stm32f429_439xx.o(RESET)
 <LI><a href="#[23]">NMI_Handler</a> from stm32f4xx_it.o(i.NMI_Handler) referenced from startup_stm32f429_439xx.o(RESET)
 <LI><a href="#[6f]">OTG_FS_IRQHandler</a> from startup_stm32f429_439xx.o(.text) referenced from startup_stm32f429_439xx.o(RESET)
 <LI><a href="#[56]">OTG_FS_WKUP_IRQHandler</a> from startup_stm32f429_439xx.o(.text) referenced from startup_stm32f429_439xx.o(RESET)
 <LI><a href="#[77]">OTG_HS_EP1_IN_IRQHandler</a> from startup_stm32f429_439xx.o(.text) referenced from startup_stm32f429_439xx.o(RESET)
 <LI><a href="#[76]">OTG_HS_EP1_OUT_IRQHandler</a> from startup_stm32f429_439xx.o(.text) referenced from startup_stm32f429_439xx.o(RESET)
 <LI><a href="#[79]">OTG_HS_IRQHandler</a> from startup_stm32f429_439xx.o(.text) referenced from startup_stm32f429_439xx.o(RESET)
 <LI><a href="#[78]">OTG_HS_WKUP_IRQHandler</a> from startup_stm32f429_439xx.o(.text) referenced from startup_stm32f429_439xx.o(RESET)
 <LI><a href="#[2d]">PVD_IRQHandler</a> from startup_stm32f429_439xx.o(.text) referenced from startup_stm32f429_439xx.o(RESET)
 <LI><a href="#[2a]">PendSV_Handler</a> from port.o(.emb_text) referenced from startup_stm32f429_439xx.o(RESET)
 <LI><a href="#[9e]">RADIO_Callback</a> from RADIO.o(.text.RADIO_Callback) referenced from RADIO.o(.text.RADIO_CreateIndirect)
 <LI><a href="#[e8]">RADIO_CreateIndirect</a> from RADIO.o(.text.RADIO_CreateIndirect) referenced from framewindlg.o(.constdata)
 <LI><a href="#[9]">RADIO_DrawSkinFlex</a> from RADIO_SkinFlex.o(.text.RADIO_DrawSkinFlex) referenced 2 times from RADIO.o(.data)
 <LI><a href="#[8]">RADIO__GetButtonSize</a> from RADIO.o(.text.RADIO__GetButtonSize) referenced 2 times from RADIO.o(.data)
 <LI><a href="#[31]">RCC_IRQHandler</a> from startup_stm32f429_439xx.o(.text) referenced from startup_stm32f429_439xx.o(RESET)
 <LI><a href="#[55]">RTC_Alarm_IRQHandler</a> from startup_stm32f429_439xx.o(.text) referenced from startup_stm32f429_439xx.o(RESET)
 <LI><a href="#[2f]">RTC_WKUP_IRQHandler</a> from startup_stm32f429_439xx.o(.text) referenced from startup_stm32f429_439xx.o(RESET)
 <LI><a href="#[22]">Reset_Handler</a> from startup_stm32f429_439xx.o(.text) referenced from startup_stm32f429_439xx.o(RESET)
 <LI><a href="#[83]">SAI1_IRQHandler</a> from startup_stm32f429_439xx.o(.text) referenced from startup_stm32f429_439xx.o(RESET)
 <LI><a href="#[9f]">SCROLLBAR_Callback</a> from SCROLLBAR.o(.text.SCROLLBAR_Callback) referenced from SCROLLBAR.o(.text.SCROLLBAR_CreateAttached)
 <LI><a href="#[1e]">SCROLLBAR_DrawSkinFlex</a> from SCROLLBAR_SkinFlex.o(.text.SCROLLBAR_DrawSkinFlex) referenced 2 times from SCROLLBAR.o(.data)
 <LI><a href="#[5d]">SDIO_IRQHandler</a> from fatfs_sd_sdio.o(i.SDIO_IRQHandler) referenced from startup_stm32f429_439xx.o(RESET)
 <LI><a href="#[4f]">SPI1_IRQHandler</a> from startup_stm32f429_439xx.o(.text) referenced from startup_stm32f429_439xx.o(RESET)
 <LI><a href="#[50]">SPI2_IRQHandler</a> from startup_stm32f429_439xx.o(.text) referenced from startup_stm32f429_439xx.o(RESET)
 <LI><a href="#[5f]">SPI3_IRQHandler</a> from startup_stm32f429_439xx.o(.text) referenced from startup_stm32f429_439xx.o(RESET)
 <LI><a href="#[80]">SPI4_IRQHandler</a> from startup_stm32f429_439xx.o(.text) referenced from startup_stm32f429_439xx.o(RESET)
 <LI><a href="#[81]">SPI5_IRQHandler</a> from startup_stm32f429_439xx.o(.text) referenced from startup_stm32f429_439xx.o(RESET)
 <LI><a href="#[82]">SPI6_IRQHandler</a> from startup_stm32f429_439xx.o(.text) referenced from startup_stm32f429_439xx.o(RESET)
 <LI><a href="#[a6]">SPINBOX_Callback</a> from SPINBOX.o(.text.SPINBOX_Callback) referenced from SPINBOX.o(.text.SPINBOX_CreateIndirect)
 <LI><a href="#[e7]">SPINBOX_CreateIndirect</a> from SPINBOX.o(.text.SPINBOX_CreateIndirect) referenced from framewindlg.o(.constdata)
 <LI><a href="#[a]">SPINBOX_DrawSkinFlex</a> from SPINBOX_SkinFlex.o(.text.SPINBOX_DrawSkinFlex) referenced 2 times from SPINBOX.o(.data)
 <LI><a href="#[28]">SVC_Handler</a> from port.o(.emb_text) referenced from startup_stm32f429_439xx.o(RESET)
 <LI><a href="#[c6]">Swtmr1_Callback</a> from main.o(i.Swtmr1_Callback) referenced from main.o(i.AppTaskCreate)
 <LI><a href="#[2b]">SysTick_Handler</a> from stm32f4xx_it.o(i.SysTick_Handler) referenced from startup_stm32f429_439xx.o(RESET)
 <LI><a href="#[88]">SystemInit</a> from system_stm32f4xx.o(i.SystemInit) referenced from startup_stm32f429_439xx.o(.text)
 <LI><a href="#[2e]">TAMP_STAMP_IRQHandler</a> from startup_stm32f429_439xx.o(.text) referenced from startup_stm32f429_439xx.o(RESET)
 <LI><a href="#[a7]">TEXT_Callback</a> from TEXT.o(.text.TEXT_Callback) referenced from TEXT.o(.text.TEXT_CreateIndirect)
 <LI><a href="#[e9]">TEXT_CreateIndirect</a> from TEXT.o(.text.TEXT_CreateIndirect) referenced 2 times from framewindlg.o(.constdata)
 <LI><a href="#[44]">TIM1_BRK_TIM9_IRQHandler</a> from startup_stm32f429_439xx.o(.text) referenced from startup_stm32f429_439xx.o(RESET)
 <LI><a href="#[47]">TIM1_CC_IRQHandler</a> from startup_stm32f429_439xx.o(.text) referenced from startup_stm32f429_439xx.o(RESET)
 <LI><a href="#[46]">TIM1_TRG_COM_TIM11_IRQHandler</a> from startup_stm32f429_439xx.o(.text) referenced from startup_stm32f429_439xx.o(RESET)
 <LI><a href="#[45]">TIM1_UP_TIM10_IRQHandler</a> from startup_stm32f429_439xx.o(.text) referenced from startup_stm32f429_439xx.o(RESET)
 <LI><a href="#[48]">TIM2_IRQHandler</a> from startup_stm32f429_439xx.o(.text) referenced from startup_stm32f429_439xx.o(RESET)
 <LI><a href="#[49]">TIM3_IRQHandler</a> from startup_stm32f429_439xx.o(.text) referenced from startup_stm32f429_439xx.o(RESET)
 <LI><a href="#[4a]">TIM4_IRQHandler</a> from startup_stm32f429_439xx.o(.text) referenced from startup_stm32f429_439xx.o(RESET)
 <LI><a href="#[5e]">TIM5_IRQHandler</a> from startup_stm32f429_439xx.o(.text) referenced from startup_stm32f429_439xx.o(RESET)
 <LI><a href="#[62]">TIM6_DAC_IRQHandler</a> from startup_stm32f429_439xx.o(.text) referenced from startup_stm32f429_439xx.o(RESET)
 <LI><a href="#[63]">TIM7_IRQHandler</a> from startup_stm32f429_439xx.o(.text) referenced from startup_stm32f429_439xx.o(RESET)
 <LI><a href="#[57]">TIM8_BRK_TIM12_IRQHandler</a> from startup_stm32f429_439xx.o(.text) referenced from startup_stm32f429_439xx.o(RESET)
 <LI><a href="#[5a]">TIM8_CC_IRQHandler</a> from startup_stm32f429_439xx.o(.text) referenced from startup_stm32f429_439xx.o(RESET)
 <LI><a href="#[59]">TIM8_TRG_COM_TIM14_IRQHandler</a> from startup_stm32f429_439xx.o(.text) referenced from startup_stm32f429_439xx.o(RESET)
 <LI><a href="#[58]">TIM8_UP_TIM13_IRQHandler</a> from startup_stm32f429_439xx.o(.text) referenced from startup_stm32f429_439xx.o(RESET)
 <LI><a href="#[c4]">Touch_Task</a> from main.o(i.Touch_Task) referenced from main.o(i.AppTaskCreate)
 <LI><a href="#[60]">UART4_IRQHandler</a> from startup_stm32f429_439xx.o(.text) referenced from startup_stm32f429_439xx.o(RESET)
 <LI><a href="#[61]">UART5_IRQHandler</a> from startup_stm32f429_439xx.o(.text) referenced from startup_stm32f429_439xx.o(RESET)
 <LI><a href="#[7e]">UART7_IRQHandler</a> from startup_stm32f429_439xx.o(.text) referenced from startup_stm32f429_439xx.o(RESET)
 <LI><a href="#[7f]">UART8_IRQHandler</a> from startup_stm32f429_439xx.o(.text) referenced from startup_stm32f429_439xx.o(RESET)
 <LI><a href="#[51]">USART1_IRQHandler</a> from startup_stm32f429_439xx.o(.text) referenced from startup_stm32f429_439xx.o(RESET)
 <LI><a href="#[52]">USART2_IRQHandler</a> from startup_stm32f429_439xx.o(.text) referenced from startup_stm32f429_439xx.o(RESET)
 <LI><a href="#[53]">USART3_IRQHandler</a> from startup_stm32f429_439xx.o(.text) referenced from startup_stm32f429_439xx.o(RESET)
 <LI><a href="#[73]">USART6_IRQHandler</a> from startup_stm32f429_439xx.o(.text) referenced from startup_stm32f429_439xx.o(RESET)
 <LI><a href="#[27]">UsageFault_Handler</a> from stm32f4xx_it.o(i.UsageFault_Handler) referenced from startup_stm32f429_439xx.o(RESET)
 <LI><a href="#[14b]">WIDGET_EFFECT_3D_DrawUp</a> from WIDGET_Effect_3D.o(.text.WIDGET_EFFECT_3D_DrawUp) referenced from WIDGET_Effect_3D.o(.rodata)
 <LI><a href="#[93]">WM_HandlePID</a> from WM_Touch.o(.text.WM_HandlePID) referenced from GUI_PID.o(.text.GUI_PID_StoreState)
 <LI><a href="#[ad]">WM__Paint1</a> from WM.o(.text.WM__Paint1) referenced from WM.o(.text.WM__PaintWinAndOverlays)
 <LI><a href="#[ad]">WM__Paint1</a> from WM.o(.text.WM__Paint1) referenced from WM.o(.text._Paint1Trans)
 <LI><a href="#[2c]">WWDG_IRQHandler</a> from startup_stm32f429_439xx.o(.text) referenced from startup_stm32f429_439xx.o(RESET)
 <LI><a href="#[8d]">_AddKeyDec</a> from EDITDec.o(.text._AddKeyDec) referenced from EDITDec.o(.text.EDIT_SetDecMode)
 <LI><a href="#[af]">_CalcPositions</a> from SCROLLBAR_Skin.o(.text._CalcPositions) referenced from SCROLLBAR_Skin.o(.text._Create)
 <LI><a href="#[12f]">_CalcSizeOfChar</a> from GUI_UC_EncodeNone.o(.text._CalcSizeOfChar) referenced from GUI_UC_EncodeNone.o(.rodata)
 <LI><a href="#[10a]">_Color2IndexBulk</a> from GUICC_M565.o(.text._Color2IndexBulk) referenced 2 times from GUICC_M565.o(.rodata)
 <LI><a href="#[ef]">_Color2IndexBulk_1616I</a> from GUICC_1616I.o(.text._Color2IndexBulk_1616I) referenced from GUICC_1616I.o(.rodata)
 <LI><a href="#[f7]">_Color2IndexBulk_88666I</a> from GUICC_88666I.o(.text._Color2IndexBulk_88666I) referenced from GUICC_88666I.o(.rodata)
 <LI><a href="#[fc]">_Color2IndexBulk_M1555I</a> from GUICC_M1555I.o(.text._Color2IndexBulk_M1555I) referenced from GUICC_M1555I.o(.rodata)
 <LI><a href="#[d1]">_Color2IndexBulk_M1555I_DMA2D</a> from guidrv_wf.o(i._Color2IndexBulk_M1555I_DMA2D) referenced from guidrv_wf.o(i.LCD_X_Config)
 <LI><a href="#[101]">_Color2IndexBulk_M4444I</a> from GUICC_M4444I.o(.text._Color2IndexBulk_M4444I) referenced from GUICC_M4444I.o(.rodata)
 <LI><a href="#[d5]">_Color2IndexBulk_M4444I_DMA2D</a> from guidrv_wf.o(i._Color2IndexBulk_M4444I_DMA2D) referenced from guidrv_wf.o(i.LCD_X_Config)
 <LI><a href="#[d3]">_Color2IndexBulk_M565_DMA2D</a> from guidrv_wf.o(i._Color2IndexBulk_M565_DMA2D) referenced from guidrv_wf.o(i.LCD_X_Config)
 <LI><a href="#[105]">_Color2IndexBulk_M8888I</a> from GUICC_M8888I.o(.text._Color2IndexBulk_M8888I) referenced from GUICC_M8888I.o(.rodata)
 <LI><a href="#[d9]">_Color2IndexBulk_M8888I_DMA2D</a> from guidrv_wf.o(i._Color2IndexBulk_M8888I_DMA2D) referenced from guidrv_wf.o(i.LCD_X_Config)
 <LI><a href="#[d7]">_Color2IndexBulk_M888_DMA2D</a> from guidrv_wf.o(i._Color2IndexBulk_M888_DMA2D) referenced from guidrv_wf.o(i.LCD_X_Config)
 <LI><a href="#[12a]">_Color2Index_0</a> from GUICC_0.o(.text._Color2Index_0) referenced from GUICC_0.o(.rodata)
 <LI><a href="#[127]">_Color2Index_16</a> from GUICC_16.o(.text._Color2Index_16) referenced from GUICC_16.o(.rodata)
 <LI><a href="#[ec]">_Color2Index_1616I</a> from GUICC_1616I.o(.text._Color2Index_1616I) referenced from GUICC_1616I.o(.rodata)
 <LI><a href="#[f4]">_Color2Index_88666I</a> from GUICC_88666I.o(.text._Color2Index_88666I) referenced from GUICC_88666I.o(.rodata)
 <LI><a href="#[f9]">_Color2Index_M1555I</a> from GUICC_M1555I.o(.text._Color2Index_M1555I) referenced from GUICC_M1555I.o(.rodata)
 <LI><a href="#[fe]">_Color2Index_M4444I</a> from GUICC_M4444I.o(.text._Color2Index_M4444I) referenced from GUICC_M4444I.o(.rodata)
 <LI><a href="#[107]">_Color2Index_M565</a> from GUICC_M565.o(.text._Color2Index_M565) referenced from GUICC_M565.o(.rodata)
 <LI><a href="#[10c]">_Color2Index_M888</a> from GUICC_M888.o(.text._Color2Index_M888) referenced from GUICC_M888.o(.rodata)
 <LI><a href="#[103]">_Color2Index_M8888I</a> from GUICC_M8888I.o(.text._Color2Index_M8888I) referenced from GUICC_M8888I.o(.rodata)
 <LI><a href="#[b7]">_CopyBuffer</a> from GUIDRV_Lin_24.o(.text._CopyBuffer) referenced from GUIDRV_Lin_24.o(.text._GetDevFunc)
 <LI><a href="#[f]">_Create</a> from BUTTON_Skin.o(.text._Create) referenced 12 times from BUTTON_Skin.o(.data)
 <LI><a href="#[da]">_DMA_AlphaBlendingBulk</a> from guidrv_wf.o(i._DMA_AlphaBlendingBulk) referenced from guidrv_wf.o(i.LCD_X_Config)
 <LI><a href="#[dc]">_DMA_MixColors</a> from guidrv_wf.o(i._DMA_MixColors) referenced from guidrv_wf.o(i.LCD_X_Config)
 <LI><a href="#[a1]">_DrawBackgroundH</a> from SCROLLBAR_SkinFlex.o(.text._DrawBackgroundH) referenced from SCROLLBAR_SkinFlex.o(.text.SCROLLBAR_DrawSkinFlex)
 <LI><a href="#[a3]">_DrawBackgroundV</a> from SCROLLBAR_SkinFlex.o(.text._DrawBackgroundV) referenced from SCROLLBAR_SkinFlex.o(.text.SCROLLBAR_DrawSkinFlex)
 <LI><a href="#[115]">_DrawBitmap</a> from GUIDRV_Lin_24.o(.text._DrawBitmap) referenced 2 times from GUIDRV_Lin_24.o(.rodata)
 <LI><a href="#[143]">_DrawDown</a> from WIDGET_Effect_None.o(.text._DrawDown) referenced 3 times from WIDGET_Effect_None.o(.rodata)
 <LI><a href="#[144]">_DrawDownRect</a> from WIDGET_Effect_None.o(.text._DrawDownRect) referenced 3 times from WIDGET_Effect_None.o(.rodata)
 <LI><a href="#[145]">_DrawFlat</a> from WIDGET_Effect_None.o(.text._DrawFlat) referenced from WIDGET_Effect_None.o(.rodata)
 <LI><a href="#[a0]">_DrawGraspH</a> from SCROLLBAR_SkinFlex.o(.text._DrawGraspH) referenced from SCROLLBAR_SkinFlex.o(.text.SCROLLBAR_DrawSkinFlex)
 <LI><a href="#[a2]">_DrawGraspV</a> from SCROLLBAR_SkinFlex.o(.text._DrawGraspV) referenced from SCROLLBAR_SkinFlex.o(.text.SCROLLBAR_DrawSkinFlex)
 <LI><a href="#[116]">_DrawHLine</a> from GUIDRV_Lin_24.o(.text._DrawHLine) referenced 2 times from GUIDRV_Lin_24.o(.rodata)
 <LI><a href="#[141]">_DrawUp</a> from WIDGET_Effect_None.o(.text._DrawUp) referenced 2 times from WIDGET_Effect_None.o(.rodata)
 <LI><a href="#[142]">_DrawUpRect</a> from WIDGET_Effect_None.o(.text._DrawUpRect) referenced 3 times from WIDGET_Effect_None.o(.rodata)
 <LI><a href="#[117]">_DrawVLine</a> from GUIDRV_Lin_24.o(.text._DrawVLine) referenced 2 times from GUIDRV_Lin_24.o(.rodata)
 <LI><a href="#[130]">_Encode</a> from GUI_UC_EncodeNone.o(.text._Encode) referenced from GUI_UC_EncodeNone.o(.rodata)
 <LI><a href="#[118]">_FillRect</a> from GUIDRV_Lin_24.o(.text._FillRect) referenced 2 times from GUIDRV_Lin_24.o(.rodata)
 <LI><a href="#[149]">_GUI_USAGE_BM_Delete</a> from GUIDEV_UsageBM.o(.text._GUI_USAGE_BM_Delete) referenced from GUIDEV_UsageBM.o(.rodata)
 <LI><a href="#[14]">_GetBorderSize</a> from FRAMEWIN_Skin.o(.text._GetBorderSize) referenced 2 times from FRAMEWIN_Skin.o(.data)
 <LI><a href="#[12d]">_GetCharCode</a> from GUI_UC_EncodeNone.o(.text._GetCharCode) referenced from GUI_UC_EncodeNone.o(.rodata)
 <LI><a href="#[12e]">_GetCharSize</a> from GUI_UC_EncodeNone.o(.text._GetCharSize) referenced from GUI_UC_EncodeNone.o(.rodata)
 <LI><a href="#[1d]">_GetCharWrap</a> from GUI__Wrap.o(.text._GetCharWrap) referenced 2 times from GUI__Wrap.o(.data)
 <LI><a href="#[1b]">_GetCursorCharacter</a> from GUI__GetCursorPos.o(.text._GetCursorCharacter) referenced 2 times from GUI__GetCursorPos.o(.data)
 <LI><a href="#[1a]">_GetCursorPosChar</a> from GUI__GetCursorPos.o(.text._GetCursorPosChar) referenced 2 times from GUI__GetCursorPos.o(.data)
 <LI><a href="#[19]">_GetCursorPosX</a> from GUI__GetCursorPos.o(.text._GetCursorPosX) referenced 2 times from GUI__GetCursorPos.o(.data)
 <LI><a href="#[11f]">_GetDevData</a> from GUIDRV_Lin_24.o(.text._GetDevData) referenced 2 times from GUIDRV_Lin_24.o(.rodata)
 <LI><a href="#[11d]">_GetDevFunc</a> from GUIDRV_Lin_24.o(.text._GetDevFunc) referenced 2 times from GUIDRV_Lin_24.o(.rodata)
 <LI><a href="#[11e]">_GetDevProp</a> from GUIDRV_Lin_24.o(.text._GetDevProp) referenced 2 times from GUIDRV_Lin_24.o(.rodata)
 <LI><a href="#[12c]">_GetIndexMask_0</a> from GUICC_0.o(.text._GetIndexMask_0) referenced from GUICC_0.o(.rodata)
 <LI><a href="#[129]">_GetIndexMask_16</a> from GUICC_16.o(.text._GetIndexMask_16) referenced from GUICC_16.o(.rodata)
 <LI><a href="#[ee]">_GetIndexMask_1616I</a> from GUICC_1616I.o(.text._GetIndexMask_1616I) referenced from GUICC_1616I.o(.rodata)
 <LI><a href="#[f3]">_GetIndexMask_8666</a> from GUICC_8666.o(.text._GetIndexMask_8666) referenced from GUICC_8666.o(.rodata)
 <LI><a href="#[f6]">_GetIndexMask_88666I</a> from GUICC_88666I.o(.text._GetIndexMask_88666I) referenced from GUICC_88666I.o(.rodata)
 <LI><a href="#[fb]">_GetIndexMask_M1555I</a> from GUICC_M1555I.o(.text._GetIndexMask_M1555I) referenced from GUICC_M1555I.o(.rodata)
 <LI><a href="#[100]">_GetIndexMask_M4444I</a> from GUICC_M4444I.o(.text._GetIndexMask_M4444I) referenced from GUICC_M4444I.o(.rodata)
 <LI><a href="#[109]">_GetIndexMask_M565</a> from GUICC_M565.o(.text._GetIndexMask_M565) referenced from GUICC_M565.o(.rodata)
 <LI><a href="#[10d]">_GetIndexMask_M888</a> from GUICC_M888.o(.text._GetIndexMask_M888) referenced from GUICC_M888.o(.rodata)
 <LI><a href="#[104]">_GetIndexMask_M8888I</a> from GUICC_M8888I.o(.text._GetIndexMask_M8888I) referenced from GUICC_M8888I.o(.rodata)
 <LI><a href="#[119]">_GetPixelIndex</a> from GUIDRV_Lin_24.o(.text._GetPixelIndex) referenced 2 times from GUIDRV_Lin_24.o(.rodata)
 <LI><a href="#[b2]">_GetPos</a> from GUIDRV_Lin_24.o(.text._GetPos) referenced from GUIDRV_Lin_24.o(.text._GetDevFunc)
 <LI><a href="#[120]">_GetRect</a> from GUIDRV_Lin_24.o(.text._GetRect) referenced 2 times from GUIDRV_Lin_24.o(.rodata)
 <LI><a href="#[1c]">_GetWordWrap</a> from GUI__Wrap.o(.text._GetWordWrap) referenced 2 times from GUI__Wrap.o(.data)
 <LI><a href="#[10b]">_Index2ColorBulk</a> from GUICC_M565.o(.text._Index2ColorBulk) referenced 2 times from GUICC_M565.o(.rodata)
 <LI><a href="#[f0]">_Index2ColorBulk_1616I</a> from GUICC_1616I.o(.text._Index2ColorBulk_1616I) referenced from GUICC_1616I.o(.rodata)
 <LI><a href="#[f8]">_Index2ColorBulk_88666I</a> from GUICC_88666I.o(.text._Index2ColorBulk_88666I) referenced from GUICC_88666I.o(.rodata)
 <LI><a href="#[fd]">_Index2ColorBulk_M1555I</a> from GUICC_M1555I.o(.text._Index2ColorBulk_M1555I) referenced from GUICC_M1555I.o(.rodata)
 <LI><a href="#[d0]">_Index2ColorBulk_M1555I_DMA2D</a> from guidrv_wf.o(i._Index2ColorBulk_M1555I_DMA2D) referenced from guidrv_wf.o(i.LCD_X_Config)
 <LI><a href="#[102]">_Index2ColorBulk_M4444I</a> from GUICC_M4444I.o(.text._Index2ColorBulk_M4444I) referenced from GUICC_M4444I.o(.rodata)
 <LI><a href="#[d4]">_Index2ColorBulk_M4444I_DMA2D</a> from guidrv_wf.o(i._Index2ColorBulk_M4444I_DMA2D) referenced from guidrv_wf.o(i.LCD_X_Config)
 <LI><a href="#[d2]">_Index2ColorBulk_M565_DMA2D</a> from guidrv_wf.o(i._Index2ColorBulk_M565_DMA2D) referenced from guidrv_wf.o(i.LCD_X_Config)
 <LI><a href="#[106]">_Index2ColorBulk_M8888I</a> from GUICC_M8888I.o(.text._Index2ColorBulk_M8888I) referenced from GUICC_M8888I.o(.rodata)
 <LI><a href="#[d8]">_Index2ColorBulk_M8888I_DMA2D</a> from guidrv_wf.o(i._Index2ColorBulk_M8888I_DMA2D) referenced from guidrv_wf.o(i.LCD_X_Config)
 <LI><a href="#[d6]">_Index2ColorBulk_M888_DMA2D</a> from guidrv_wf.o(i._Index2ColorBulk_M888_DMA2D) referenced from guidrv_wf.o(i.LCD_X_Config)
 <LI><a href="#[12b]">_Index2Color_0</a> from GUICC_0.o(.text._Index2Color_0) referenced from GUICC_0.o(.rodata)
 <LI><a href="#[128]">_Index2Color_16</a> from GUICC_16.o(.text._Index2Color_16) referenced from GUICC_16.o(.rodata)
 <LI><a href="#[ed]">_Index2Color_1616I</a> from GUICC_1616I.o(.text._Index2Color_1616I) referenced from GUICC_1616I.o(.rodata)
 <LI><a href="#[f5]">_Index2Color_88666I</a> from GUICC_88666I.o(.text._Index2Color_88666I) referenced from GUICC_88666I.o(.rodata)
 <LI><a href="#[fa]">_Index2Color_M1555I</a> from GUICC_M1555I.o(.text._Index2Color_M1555I) referenced from GUICC_M1555I.o(.rodata)
 <LI><a href="#[ff]">_Index2Color_M4444I</a> from GUICC_M4444I.o(.text._Index2Color_M4444I) referenced from GUICC_M4444I.o(.rodata)
 <LI><a href="#[be]">_Init</a> from GUIDRV_Lin_24.o(.text._Init) referenced from GUIDRV_Lin_24.o(.text._GetDevFunc)
 <LI><a href="#[ca]">_LCD_CopyBuffer</a> from guidrv_wf.o(i._LCD_CopyBuffer) referenced from guidrv_wf.o(i.LCD_X_Config)
 <LI><a href="#[cb]">_LCD_CopyRect</a> from guidrv_wf.o(i._LCD_CopyRect) referenced from guidrv_wf.o(i.LCD_X_Config)
 <LI><a href="#[ce]">_LCD_DrawBitmap16bpp</a> from guidrv_wf.o(i._LCD_DrawBitmap16bpp) referenced from guidrv_wf.o(i.LCD_X_Config)
 <LI><a href="#[cf]">_LCD_DrawBitmap32bpp</a> from guidrv_wf.o(i._LCD_DrawBitmap32bpp) referenced from guidrv_wf.o(i.LCD_X_Config)
 <LI><a href="#[cd]">_LCD_DrawBitmap8bpp</a> from guidrv_wf.o(i._LCD_DrawBitmap8bpp) referenced from guidrv_wf.o(i.LCD_X_Config)
 <LI><a href="#[df]">_LCD_DrawBitmapAlpha</a> from guidrv_wf.o(i._LCD_DrawBitmapAlpha) referenced from guidrv_wf.o(i.LCD_X_Config)
 <LI><a href="#[de]">_LCD_DrawMemdev16bpp</a> from guidrv_wf.o(i._LCD_DrawMemdev16bpp) referenced from guidrv_wf.o(i.LCD_X_Config)
 <LI><a href="#[e0]">_LCD_DrawMemdevAlpha</a> from guidrv_wf.o(i._LCD_DrawMemdevAlpha) referenced from guidrv_wf.o(i.LCD_X_Config)
 <LI><a href="#[cc]">_LCD_FillRect</a> from guidrv_wf.o(i._LCD_FillRect) referenced from guidrv_wf.o(i.LCD_X_Config)
 <LI><a href="#[cc]">_LCD_FillRect</a> from guidrv_wf.o(i._LCD_FillRect) referenced from guidrv_wf.o(i._LCD_FillRect)
 <LI><a href="#[db]">_LCD_GetpPalConvTable</a> from guidrv_wf.o(i._LCD_GetpPalConvTable) referenced from guidrv_wf.o(i.LCD_X_Config)
 <LI><a href="#[dd]">_LCD_MixColorsBulk</a> from guidrv_wf.o(i._LCD_MixColorsBulk) referenced from guidrv_wf.o(i.LCD_X_Config)
 <LI><a href="#[b]">_Log2VisBuffered</a> from GUI_CharLine.o(.text._Log2VisBuffered) referenced 2 times from GUI_CharLine.o(.data)
 <LI><a href="#[125]">_MULTIBUF_Begin</a> from WM_MULTIBUF.o(.text._MULTIBUF_Begin) referenced from WM_MULTIBUF.o(.rodata)
 <LI><a href="#[126]">_MULTIBUF_End</a> from WM_MULTIBUF.o(.text._MULTIBUF_End) referenced from WM_MULTIBUF.o(.rodata)
 <LI><a href="#[bc]">_Off</a> from GUIDRV_Lin_24.o(.text._Off) referenced from GUIDRV_Lin_24.o(.text._GetDevFunc)
 <LI><a href="#[bd]">_On</a> from GUIDRV_Lin_24.o(.text._On) referenced from GUIDRV_Lin_24.o(.text._GetDevFunc)
 <LI><a href="#[91]">_OnExit</a> from GUI_Task.o(.text._OnExit) referenced from GUI_Task.o(.text.GUITASK_Init)
 <LI><a href="#[92]">_OnExit</a> from GUI_MULTIBUF.o(.text._OnExit) referenced from GUI_MULTIBUF.o(.text.GUI_MULTIBUF_ConfigEx)
 <LI><a href="#[94]">_OnExit</a> from GUI_PID.o(.text._OnExit) referenced from GUI_PID.o(.text.GUI_PID_StoreState)
 <LI><a href="#[96]">_OnExit</a> from GUI_Timer.o(.text._OnExit) referenced from GUI_Timer.o(.text.GUI_TIMER_Create)
 <LI><a href="#[97]">_OnExit</a> from GUI__Alpha.o(.text._OnExit) referenced from GUI__Alpha.o(.text.GUI__AllocAlphaBuffer)
 <LI><a href="#[98]">_OnExit</a> from GUI_Core.o(.text._OnExit) referenced from GUI_Core.o(.text.GUI__Config)
 <LI><a href="#[97]">_OnExit</a> from GUI__Alpha.o(.text._OnExit) referenced from GUI__Alpha.o(.text.GUI__DoAlphaBlending)
 <LI><a href="#[9b]">_OnExit</a> from LCD_Color.o(.text._OnExit) referenced from LCD_Color.o(.text.LCD_InitColors)
 <LI><a href="#[ab]">_OnExit</a> from WM.o(.text._OnExit) referenced from WM.o(.text.WM_Init)
 <LI><a href="#[3]">_OnTouchDefault</a> from BUTTON.o(.text._OnTouchDefault) referenced 2 times from BUTTON.o(.data)
 <LI><a href="#[e]">_Paint</a> from BUTTON_Skin.o(.text._Paint) referenced 12 times from BUTTON_Skin.o(.data)
 <LI><a href="#[b4]">_SetAlpha</a> from GUIDRV_Lin_24.o(.text._SetAlpha) referenced from GUIDRV_Lin_24.o(.text._GetDevFunc)
 <LI><a href="#[bb]">_SetAlphaMode</a> from GUIDRV_Lin_24.o(.text._SetAlphaMode) referenced from GUIDRV_Lin_24.o(.text._GetDevFunc)
 <LI><a href="#[113]">_SetBkColor</a> from LCD.o(.text._SetBkColor) referenced from LCD.o(.rodata)
 <LI><a href="#[b9]">_SetChroma</a> from GUIDRV_Lin_24.o(.text._SetChroma) referenced from GUIDRV_Lin_24.o(.text._GetDevFunc)
 <LI><a href="#[ba]">_SetChromaMode</a> from GUIDRV_Lin_24.o(.text._SetChromaMode) referenced from GUIDRV_Lin_24.o(.text._GetDevFunc)
 <LI><a href="#[112]">_SetColor</a> from LCD.o(.text._SetColor) referenced from LCD.o(.rodata)
 <LI><a href="#[b8]">_SetDevFunc</a> from GUIDRV_Lin_24.o(.text._SetDevFunc) referenced from GUIDRV_Lin_24.o(.text._GetDevFunc)
 <LI><a href="#[114]">_SetDrawMode</a> from LCD.o(.text._SetDrawMode) referenced from LCD.o(.rodata)
 <LI><a href="#[11c]">_SetOrg</a> from GUIDRV_Lin_24.o(.text._SetOrg) referenced 2 times from GUIDRV_Lin_24.o(.rodata)
 <LI><a href="#[11a]">_SetPixelIndex</a> from GUIDRV_Lin_24.o(.text._SetPixelIndex) referenced 2 times from GUIDRV_Lin_24.o(.rodata)
 <LI><a href="#[b3]">_SetPos</a> from GUIDRV_Lin_24.o(.text._SetPos) referenced from GUIDRV_Lin_24.o(.text._GetDevFunc)
 <LI><a href="#[bf]">_SetSize</a> from GUIDRV_Lin_24.o(.text._SetSize) referenced from GUIDRV_Lin_24.o(.text._GetDevFunc)
 <LI><a href="#[b0]">_SetVRAMAddr</a> from GUIDRV_Lin_24.o(.text._SetVRAMAddr) referenced from GUIDRV_Lin_24.o(.text._GetDevFunc)
 <LI><a href="#[b5]">_SetVRAM_BufferPTR</a> from GUIDRV_Lin_24.o(.text._SetVRAM_BufferPTR) referenced from GUIDRV_Lin_24.o(.text._GetDevFunc)
 <LI><a href="#[c0]">_SetVSize</a> from GUIDRV_Lin_24.o(.text._SetVSize) referenced from GUIDRV_Lin_24.o(.text._GetDevFunc)
 <LI><a href="#[b1]">_SetVis</a> from GUIDRV_Lin_24.o(.text._SetVis) referenced from GUIDRV_Lin_24.o(.text._GetDevFunc)
 <LI><a href="#[b6]">_ShowBuffer</a> from GUIDRV_Lin_24.o(.text._ShowBuffer) referenced from GUIDRV_Lin_24.o(.text._GetDevFunc)
 <LI><a href="#[8e]">_UpdateBuffer</a> from EDITDec.o(.text._UpdateBuffer) referenced from EDITDec.o(.text.EDIT_SetDecMode)
 <LI><a href="#[11b]">_XorPixel</a> from GUIDRV_Lin_24.o(.text._XorPixel) referenced 2 times from GUIDRV_Lin_24.o(.rodata)
 <LI><a href="#[89]">__main</a> from entry.o(.ARM.Collect$$$$00000000) referenced from startup_stm32f429_439xx.o(.text)
 <LI><a href="#[ac]">_cbBackWin</a> from WM.o(.text._cbBackWin) referenced from WM.o(.text.WM_Init)
 <LI><a href="#[c9]">_cbDialog</a> from framewindlg.o(i._cbDialog) referenced from framewindlg.o(i.CreateFramewin)
 <LI><a href="#[a8]">_cbInvalidateOne</a> from WM_BringToTop.o(.text._cbInvalidateOne) referenced from WM_BringToTop.o(.text.WM_BringToTop)
 <LI><a href="#[aa]">_cbPaintMemDev</a> from WM.o(.text._cbPaintMemDev) referenced from WM.o(.text.WM_Exec)
 <LI><a href="#[a9]">_cbTimer</a> from WM_Timer.o(.text._cbTimer) referenced from WM_Timer.o(.text.WM_CreateTimer)
 <LI><a href="#[e1]">fputc</a> from bsp_debug_usart.o(i.fputc) referenced from printf8.o(i.__0printf$8)
 <LI><a href="#[87]">main</a> from main.o(i.main) referenced from entry9a.o(.ARM.Collect$$$$0000000B)
 <LI><a href="#[c]">memcpy</a> from memmove.o(.text) referenced 2 times from GUI__Private.o(.data)
 <LI><a href="#[d]">memset</a> from memseta.o(.text) referenced 2 times from GUI__Private.o(.data)
 <LI><a href="#[e4]">prvIdleTask</a> from tasks.o(i.prvIdleTask) referenced from tasks.o(i.vTaskStartScheduler)
 <LI><a href="#[e3]">prvTaskExitError</a> from port.o(i.prvTaskExitError) referenced from port.o(i.pxPortInitialiseStack)
 <LI><a href="#[e5]">prvTimerTask</a> from timers.o(i.prvTimerTask) referenced from timers.o(i.xTimerCreateTimerTask)
</UL>
<P>
<H3>
Global Symbols
</H3>
<P><STRONG><a name="[89]"></a>__main</STRONG> (Thumb, 0 bytes, Stack size unknown bytes, entry.o(.ARM.Collect$$$$00000000))
<BR>[Address Reference Count : 1]<UL><LI> startup_stm32f429_439xx.o(.text)
</UL>
<P><STRONG><a name="[3fe]"></a>_main_stk</STRONG> (Thumb, 0 bytes, Stack size unknown bytes, entry2.o(.ARM.Collect$$$$00000001))

<P><STRONG><a name="[153]"></a>_main_scatterload</STRONG> (Thumb, 0 bytes, Stack size unknown bytes, entry5.o(.ARM.Collect$$$$00000004))
<BR><BR>[Calls]<UL><LI><a href="#[154]">&gt;&gt;</a>&nbsp;&nbsp;&nbsp;__scatterload
</UL>

<P><STRONG><a name="[15b]"></a>__main_after_scatterload</STRONG> (Thumb, 0 bytes, Stack size unknown bytes, entry5.o(.ARM.Collect$$$$00000004))
<BR><BR>[Called By]<UL><LI><a href="#[154]">&gt;&gt;</a>&nbsp;&nbsp;&nbsp;__scatterload
</UL>

<P><STRONG><a name="[3ff]"></a>_main_clock</STRONG> (Thumb, 0 bytes, Stack size unknown bytes, entry7b.o(.ARM.Collect$$$$00000008))

<P><STRONG><a name="[400]"></a>_main_cpp_init</STRONG> (Thumb, 0 bytes, Stack size unknown bytes, entry8b.o(.ARM.Collect$$$$0000000A))

<P><STRONG><a name="[401]"></a>_main_init</STRONG> (Thumb, 0 bytes, Stack size unknown bytes, entry9a.o(.ARM.Collect$$$$0000000B))

<P><STRONG><a name="[402]"></a>__rt_final_cpp</STRONG> (Thumb, 0 bytes, Stack size unknown bytes, entry10a.o(.ARM.Collect$$$$0000000D))

<P><STRONG><a name="[403]"></a>__rt_final_exit</STRONG> (Thumb, 0 bytes, Stack size unknown bytes, entry11a.o(.ARM.Collect$$$$0000000F))

<P><STRONG><a name="[28]"></a>SVC_Handler</STRONG> (Thumb, 28 bytes, Stack size 0 bytes, port.o(.emb_text))
<BR>[Address Reference Count : 1]<UL><LI> startup_stm32f429_439xx.o(RESET)
</UL>
<P><STRONG><a name="[3f9]"></a>__asm___6_port_c_39a90d8d__prvStartFirstTask</STRONG> (Thumb, 28 bytes, Stack size 0 bytes, port.o(.emb_text))
<BR><BR>[Called By]<UL><LI><a href="#[3f6]">&gt;&gt;</a>&nbsp;&nbsp;&nbsp;xPortStartScheduler
</UL>

<P><STRONG><a name="[3f8]"></a>__asm___6_port_c_39a90d8d__prvEnableVFP</STRONG> (Thumb, 16 bytes, Stack size 0 bytes, port.o(.emb_text))
<BR><BR>[Called By]<UL><LI><a href="#[3f6]">&gt;&gt;</a>&nbsp;&nbsp;&nbsp;xPortStartScheduler
</UL>

<P><STRONG><a name="[2a]"></a>PendSV_Handler</STRONG> (Thumb, 88 bytes, Stack size 0 bytes, port.o(.emb_text))
<BR><BR>[Stack]<UL><LI>Max Depth = 32<LI>Call Chain = PendSV_Handler &rArr; vTaskSwitchContext &rArr; __2printf
</UL>
<BR>[Calls]<UL><LI><a href="#[155]">&gt;&gt;</a>&nbsp;&nbsp;&nbsp;vTaskSwitchContext
</UL>
<BR>[Address Reference Count : 1]<UL><LI> startup_stm32f429_439xx.o(RESET)
</UL>
<P><STRONG><a name="[3ef]"></a>vPortGetIPSR</STRONG> (Thumb, 6 bytes, Stack size 0 bytes, port.o(.emb_text))
<BR><BR>[Called By]<UL><LI><a href="#[3ee]">&gt;&gt;</a>&nbsp;&nbsp;&nbsp;vPortValidateInterruptPriority
</UL>

<P><STRONG><a name="[22]"></a>Reset_Handler</STRONG> (Thumb, 8 bytes, Stack size 0 bytes, startup_stm32f429_439xx.o(.text))
<BR>[Address Reference Count : 1]<UL><LI> startup_stm32f429_439xx.o(RESET)
</UL>
<P><STRONG><a name="[3e]"></a>ADC_IRQHandler</STRONG> (Thumb, 0 bytes, Stack size 0 bytes, startup_stm32f429_439xx.o(.text))
<BR><BR>[Calls]<UL><LI><a href="#[3e]">&gt;&gt;</a>&nbsp;&nbsp;&nbsp;ADC_IRQHandler
</UL>
<BR>[Called By]<UL><LI><a href="#[3e]">&gt;&gt;</a>&nbsp;&nbsp;&nbsp;ADC_IRQHandler
</UL>
<BR>[Address Reference Count : 1]<UL><LI> startup_stm32f429_439xx.o(RESET)
</UL>
<P><STRONG><a name="[40]"></a>CAN1_RX0_IRQHandler</STRONG> (Thumb, 0 bytes, Stack size 0 bytes, startup_stm32f429_439xx.o(.text))
<BR>[Address Reference Count : 1]<UL><LI> startup_stm32f429_439xx.o(RESET)
</UL>
<P><STRONG><a name="[41]"></a>CAN1_RX1_IRQHandler</STRONG> (Thumb, 0 bytes, Stack size 0 bytes, startup_stm32f429_439xx.o(.text))
<BR>[Address Reference Count : 1]<UL><LI> startup_stm32f429_439xx.o(RESET)
</UL>
<P><STRONG><a name="[42]"></a>CAN1_SCE_IRQHandler</STRONG> (Thumb, 0 bytes, Stack size 0 bytes, startup_stm32f429_439xx.o(.text))
<BR>[Address Reference Count : 1]<UL><LI> startup_stm32f429_439xx.o(RESET)
</UL>
<P><STRONG><a name="[3f]"></a>CAN1_TX_IRQHandler</STRONG> (Thumb, 0 bytes, Stack size 0 bytes, startup_stm32f429_439xx.o(.text))
<BR>[Address Reference Count : 1]<UL><LI> startup_stm32f429_439xx.o(RESET)
</UL>
<P><STRONG><a name="[6c]"></a>CAN2_RX0_IRQHandler</STRONG> (Thumb, 0 bytes, Stack size 0 bytes, startup_stm32f429_439xx.o(.text))
<BR>[Address Reference Count : 1]<UL><LI> startup_stm32f429_439xx.o(RESET)
</UL>
<P><STRONG><a name="[6d]"></a>CAN2_RX1_IRQHandler</STRONG> (Thumb, 0 bytes, Stack size 0 bytes, startup_stm32f429_439xx.o(.text))
<BR>[Address Reference Count : 1]<UL><LI> startup_stm32f429_439xx.o(RESET)
</UL>
<P><STRONG><a name="[6e]"></a>CAN2_SCE_IRQHandler</STRONG> (Thumb, 0 bytes, Stack size 0 bytes, startup_stm32f429_439xx.o(.text))
<BR>[Address Reference Count : 1]<UL><LI> startup_stm32f429_439xx.o(RESET)
</UL>
<P><STRONG><a name="[6b]"></a>CAN2_TX_IRQHandler</STRONG> (Thumb, 0 bytes, Stack size 0 bytes, startup_stm32f429_439xx.o(.text))
<BR>[Address Reference Count : 1]<UL><LI> startup_stm32f429_439xx.o(RESET)
</UL>
<P><STRONG><a name="[7b]"></a>CRYP_IRQHandler</STRONG> (Thumb, 0 bytes, Stack size 0 bytes, startup_stm32f429_439xx.o(.text))
<BR>[Address Reference Count : 1]<UL><LI> startup_stm32f429_439xx.o(RESET)
</UL>
<P><STRONG><a name="[7a]"></a>DCMI_IRQHandler</STRONG> (Thumb, 0 bytes, Stack size 0 bytes, startup_stm32f429_439xx.o(.text))
<BR>[Address Reference Count : 1]<UL><LI> startup_stm32f429_439xx.o(RESET)
</UL>
<P><STRONG><a name="[37]"></a>DMA1_Stream0_IRQHandler</STRONG> (Thumb, 0 bytes, Stack size 0 bytes, startup_stm32f429_439xx.o(.text))
<BR>[Address Reference Count : 1]<UL><LI> startup_stm32f429_439xx.o(RESET)
</UL>
<P><STRONG><a name="[38]"></a>DMA1_Stream1_IRQHandler</STRONG> (Thumb, 0 bytes, Stack size 0 bytes, startup_stm32f429_439xx.o(.text))
<BR>[Address Reference Count : 1]<UL><LI> startup_stm32f429_439xx.o(RESET)
</UL>
<P><STRONG><a name="[39]"></a>DMA1_Stream2_IRQHandler</STRONG> (Thumb, 0 bytes, Stack size 0 bytes, startup_stm32f429_439xx.o(.text))
<BR>[Address Reference Count : 1]<UL><LI> startup_stm32f429_439xx.o(RESET)
</UL>
<P><STRONG><a name="[3a]"></a>DMA1_Stream3_IRQHandler</STRONG> (Thumb, 0 bytes, Stack size 0 bytes, startup_stm32f429_439xx.o(.text))
<BR>[Address Reference Count : 1]<UL><LI> startup_stm32f429_439xx.o(RESET)
</UL>
<P><STRONG><a name="[3b]"></a>DMA1_Stream4_IRQHandler</STRONG> (Thumb, 0 bytes, Stack size 0 bytes, startup_stm32f429_439xx.o(.text))
<BR>[Address Reference Count : 1]<UL><LI> startup_stm32f429_439xx.o(RESET)
</UL>
<P><STRONG><a name="[3c]"></a>DMA1_Stream5_IRQHandler</STRONG> (Thumb, 0 bytes, Stack size 0 bytes, startup_stm32f429_439xx.o(.text))
<BR>[Address Reference Count : 1]<UL><LI> startup_stm32f429_439xx.o(RESET)
</UL>
<P><STRONG><a name="[3d]"></a>DMA1_Stream6_IRQHandler</STRONG> (Thumb, 0 bytes, Stack size 0 bytes, startup_stm32f429_439xx.o(.text))
<BR>[Address Reference Count : 1]<UL><LI> startup_stm32f429_439xx.o(RESET)
</UL>
<P><STRONG><a name="[5b]"></a>DMA1_Stream7_IRQHandler</STRONG> (Thumb, 0 bytes, Stack size 0 bytes, startup_stm32f429_439xx.o(.text))
<BR>[Address Reference Count : 1]<UL><LI> startup_stm32f429_439xx.o(RESET)
</UL>
<P><STRONG><a name="[64]"></a>DMA2_Stream0_IRQHandler</STRONG> (Thumb, 0 bytes, Stack size 0 bytes, startup_stm32f429_439xx.o(.text))
[...]
<LI><a href="#[1a3]">&gt;&gt;</a>&nbsp;&nbsp;&nbsp;GUI_UC_GetCharCode
<LI><a href="#[1a8]">&gt;&gt;</a>&nbsp;&nbsp;&nbsp;GUI_UC_GetCharSize
<LI><a href="#[21a]">&gt;&gt;</a>&nbsp;&nbsp;&nbsp;GUI_GetCharDistX
</UL>
<BR>[Address Reference Count : 1]<UL><LI> GUI__GetCursorPos.o(.data)
</UL>
<P><STRONG><a name="[1c]"></a>_GetWordWrap</STRONG> (Thumb, 240 bytes, Stack size unknown bytes, GUI__Wrap.o(.text._GetWordWrap))
<BR><BR>[Stack]<UL><LI>Max Depth = 168 + Unknown Stack Size
<LI>Call Chain = _GetWordWrap &rArr; GUI_GetCharDistX &rArr; GUI_Lock &rArr; GUI_X_Lock &rArr; GUI_X_InitOS &rArr; xQueueCreateMutex &rArr; prvInitialiseMutex &rArr; xQueueGenericSend &rArr; prvCopyDataToQueue &rArr; xTaskPriorityDisinherit &rArr; __2printf
</UL>
<BR>[Calls]<UL><LI><a href="#[287]">&gt;&gt;</a>&nbsp;&nbsp;&nbsp;GUI_UC__GetCharCodeInc
<LI><a href="#[21a]">&gt;&gt;</a>&nbsp;&nbsp;&nbsp;GUI_GetCharDistX
</UL>
<BR>[Address Reference Count : 1]<UL><LI> GUI__Wrap.o(.data)
</UL>
<P><STRONG><a name="[1d]"></a>_GetCharWrap</STRONG> (Thumb, 58 bytes, Stack size unknown bytes, GUI__Wrap.o(.text._GetCharWrap))
<BR><BR>[Stack]<UL><LI>Max Depth = 168 + Unknown Stack Size
<LI>Call Chain = _GetCharWrap &rArr; GUI_GetCharDistX &rArr; GUI_Lock &rArr; GUI_X_Lock &rArr; GUI_X_InitOS &rArr; xQueueCreateMutex &rArr; prvInitialiseMutex &rArr; xQueueGenericSend &rArr; prvCopyDataToQueue &rArr; xTaskPriorityDisinherit &rArr; __2printf
</UL>
<BR>[Calls]<UL><LI><a href="#[287]">&gt;&gt;</a>&nbsp;&nbsp;&nbsp;GUI_UC__GetCharCodeInc
<LI><a href="#[21a]">&gt;&gt;</a>&nbsp;&nbsp;&nbsp;GUI_GetCharDistX
</UL>
<BR>[Address Reference Count : 1]<UL><LI> GUI__Wrap.o(.data)
</UL>
<P><STRONG><a name="[146]"></a>GUI_USAGE_BM_AddPixel</STRONG> (Thumb, 46 bytes, Stack size unknown bytes, GUIDEV_UsageBM.o(.text.GUI_USAGE_BM_AddPixel))
<BR>[Address Reference Count : 1]<UL><LI> GUIDEV_UsageBM.o(.rodata)
</UL>
<P><STRONG><a name="[14a]"></a>GUI_USAGE_BM_GetNextDirty</STRONG> (Thumb, 196 bytes, Stack size unknown bytes, GUIDEV_UsageBM.o(.text.GUI_USAGE_BM_GetNextDirty))
<BR>[Address Reference Count : 1]<UL><LI> GUIDEV_UsageBM.o(.rodata)
</UL>
<P><STRONG><a name="[149]"></a>_GUI_USAGE_BM_Delete</STRONG> (Thumb, 4 bytes, Stack size unknown bytes, GUIDEV_UsageBM.o(.text._GUI_USAGE_BM_Delete))
<BR><BR>[Stack]<UL><LI>Max Depth = 168 + Unknown Stack Size
<LI>Call Chain = _GUI_USAGE_BM_Delete &rArr; GUI_ALLOC_Free &rArr; GUI_Lock &rArr; GUI_X_Lock &rArr; GUI_X_InitOS &rArr; xQueueCreateMutex &rArr; prvInitialiseMutex &rArr; xQueueGenericSend &rArr; prvCopyDataToQueue &rArr; xTaskPriorityDisinherit &rArr; __2printf
</UL>
<BR>[Calls]<UL><LI><a href="#[182]">&gt;&gt;</a>&nbsp;&nbsp;&nbsp;GUI_ALLOC_Free
</UL>
<BR>[Address Reference Count : 1]<UL><LI> GUIDEV_UsageBM.o(.rodata)
</UL>
<P><STRONG><a name="[148]"></a>GUI_USAGE_BM_Clear</STRONG> (Thumb, 20 bytes, Stack size unknown bytes, GUIDEV_UsageBM.o(.text.GUI_USAGE_BM_Clear))
<BR><BR>[Stack]<UL><LI>Max Depth = 8 + Unknown Stack Size
<LI>Call Chain = GUI_USAGE_BM_Clear &rArr; memset
</UL>
<BR>[Calls]<UL><LI><a href="#[d]">&gt;&gt;</a>&nbsp;&nbsp;&nbsp;memset
</UL>
<BR>[Address Reference Count : 1]<UL><LI> GUIDEV_UsageBM.o(.rodata)
</UL>
<P><STRONG><a name="[147]"></a>GUI_USAGE_BM_AddHLine</STRONG> (Thumb, 114 bytes, Stack size unknown bytes, GUIDEV_UsageBM.o(.text.GUI_USAGE_BM_AddHLine))
<BR><BR>[Stack]<UL><LI>Max Depth = 8 + Unknown Stack Size
<LI>Call Chain = GUI_USAGE_BM_AddHLine &rArr; memset
</UL>
<BR>[Calls]<UL><LI><a href="#[d]">&gt;&gt;</a>&nbsp;&nbsp;&nbsp;memset
</UL>
<BR>[Address Reference Count : 1]<UL><LI> GUIDEV_UsageBM.o(.rodata)
</UL>
<P><STRONG><a name="[258]"></a>_WriteToActiveAlpha</STRONG> (Thumb, 392 bytes, Stack size unknown bytes, GUIDEV_WriteToActiveAlpha.o(.text._WriteToActiveAlpha))
<BR><BR>[Stack]<UL><LI>Max Depth = 168 + Unknown Stack Size
<LI>Call Chain = _WriteToActiveAlpha &rArr; GUI__AllocAlphaBuffer &rArr; GUI_ALLOC_GetFixedBlock &rArr; _EnlargeBlocks &rArr;  _Alloc (Cycle)
</UL>
<BR>[Calls]<UL><LI><a href="#[1d7]">&gt;&gt;</a>&nbsp;&nbsp;&nbsp;LCD_DrawBitmap
<LI><a href="#[27a]">&gt;&gt;</a>&nbsp;&nbsp;&nbsp;GUI__AllocAlphaBuffer
<LI><a href="#[283]">&gt;&gt;</a>&nbsp;&nbsp;&nbsp;GUI__DoAlphaBlending
<LI><a href="#[160]">&gt;&gt;</a>&nbsp;&nbsp;&nbsp;GUI_ALLOC_UnlockH
<LI><a href="#[15f]">&gt;&gt;</a>&nbsp;&nbsp;&nbsp;GUI_ALLOC_LockH
<LI><a href="#[250]">&gt;&gt;</a>&nbsp;&nbsp;&nbsp;GUI_MEMDEV_GetDataPtr
<LI><a href="#[32d]">&gt;&gt;</a>&nbsp;&nbsp;&nbsp;GUI__CompactPixelIndicesEx
</UL>
<BR>[Called By]<UL><LI><a href="#[c1]">&gt;&gt;</a>&nbsp;&nbsp;&nbsp;GUI_MEMDEV__WriteToActiveAlpha
</UL>

<P><STRONG><a name="[310]"></a>_Screen2hWin</STRONG> (Thumb, 1136 bytes, Stack size unknown bytes, WM_Screen2Win.o(.text._Screen2hWin))
<BR><BR>[Calls]<UL><LI><a href="#[160]">&gt;&gt;</a>&nbsp;&nbsp;&nbsp;GUI_ALLOC_UnlockH
<LI><a href="#[15f]">&gt;&gt;</a>&nbsp;&nbsp;&nbsp;GUI_ALLOC_LockH
<LI><a href="#[1fb]">&gt;&gt;</a>&nbsp;&nbsp;&nbsp;GUI_ALLOC_h2p
<LI><a href="#[310]">&gt;&gt;</a>&nbsp;&nbsp;&nbsp;_Screen2hWin
</UL>
<BR>[Called By]<UL><LI><a href="#[301]">&gt;&gt;</a>&nbsp;&nbsp;&nbsp;WM_Screen2hWin
<LI><a href="#[310]">&gt;&gt;</a>&nbsp;&nbsp;&nbsp;_Screen2hWin
</UL>

<P><STRONG><a name="[14c]"></a>_DrawUpRect</STRONG> (Thumb, 120 bytes, Stack size unknown bytes, WIDGET_Effect_3D.o(.text._DrawUpRect))
<BR><BR>[Stack]<UL><LI>Max Depth = 168 + Unknown Stack Size
<LI>Call Chain = _DrawUpRect &rArr; GUI_DrawVLine &rArr; GUI_Lock &rArr; GUI_X_Lock &rArr; GUI_X_InitOS &rArr; xQueueCreateMutex &rArr; prvInitialiseMutex &rArr; xQueueGenericSend &rArr; prvCopyDataToQueue &rArr; xTaskPriorityDisinherit &rArr; __2printf
</UL>
<BR>[Calls]<UL><LI><a href="#[1d5]">&gt;&gt;</a>&nbsp;&nbsp;&nbsp;LCD_SetColor
<LI><a href="#[178]">&gt;&gt;</a>&nbsp;&nbsp;&nbsp;GUI_DrawVLine
<LI><a href="#[177]">&gt;&gt;</a>&nbsp;&nbsp;&nbsp;GUI_DrawHLine
<LI><a href="#[16d]">&gt;&gt;</a>&nbsp;&nbsp;&nbsp;GUI_DrawRect
</UL>
<BR>[Address Reference Count : 1]<UL><LI> WIDGET_Effect_3D.o(.rodata)
</UL>
<P><STRONG><a name="[14e]"></a>_DrawDownRect</STRONG> (Thumb, 168 bytes, Stack size unknown bytes, WIDGET_Effect_3D.o(.text._DrawDownRect))
<BR><BR>[Stack]<UL><LI>Max Depth = 168 + Unknown Stack Size
<LI>Call Chain = _DrawDownRect &rArr; GUI_DrawVLine &rArr; GUI_Lock &rArr; GUI_X_Lock &rArr; GUI_X_InitOS &rArr; xQueueCreateMutex &rArr; prvInitialiseMutex &rArr; xQueueGenericSend &rArr; prvCopyDataToQueue &rArr; xTaskPriorityDisinherit &rArr; __2printf
</UL>
<BR>[Calls]<UL><LI><a href="#[1d5]">&gt;&gt;</a>&nbsp;&nbsp;&nbsp;LCD_SetColor
<LI><a href="#[178]">&gt;&gt;</a>&nbsp;&nbsp;&nbsp;GUI_DrawVLine
<LI><a href="#[177]">&gt;&gt;</a>&nbsp;&nbsp;&nbsp;GUI_DrawHLine
</UL>
<BR>[Called By]<UL><LI><a href="#[14d]">&gt;&gt;</a>&nbsp;&nbsp;&nbsp;_DrawDown
</UL>
<BR>[Address Reference Count : 1]<UL><LI> WIDGET_Effect_3D.o(.rodata)
</UL>
<P><STRONG><a name="[14d]"></a>_DrawDown</STRONG> (Thumb, 22 bytes, Stack size unknown bytes, WIDGET_Effect_3D.o(.text._DrawDown))
<BR><BR>[Stack]<UL><LI>Max Depth = 168 + Unknown Stack Size
<LI>Call Chain = _DrawDown &rArr; WM_GetClientRect &rArr; GUI_Lock &rArr; GUI_X_Lock &rArr; GUI_X_InitOS &rArr; xQueueCreateMutex &rArr; prvInitialiseMutex &rArr; xQueueGenericSend &rArr; prvCopyDataToQueue &rArr; xTaskPriorityDisinherit &rArr; __2printf
</UL>
<BR>[Calls]<UL><LI><a href="#[21c]">&gt;&gt;</a>&nbsp;&nbsp;&nbsp;WM_GetClientRect
<LI><a href="#[14e]">&gt;&gt;</a>&nbsp;&nbsp;&nbsp;_DrawDownRect
</UL>
<BR>[Address Reference Count : 1]<UL><LI> WIDGET_Effect_3D.o(.rodata)
</UL>
<P><STRONG><a name="[152]"></a>_DrawDownRect</STRONG> (Thumb, 56 bytes, Stack size unknown bytes, WIDGET_Effect_Simple.o(.text._DrawDownRect))
<BR><BR>[Stack]<UL><LI>Max Depth = 168 + Unknown Stack Size
<LI>Call Chain = _DrawDownRect &rArr; GUI_DrawRect &rArr; GUI_Lock &rArr; GUI_X_Lock &rArr; GUI_X_InitOS &rArr; xQueueCreateMutex &rArr; prvInitialiseMutex &rArr; xQueueGenericSend &rArr; prvCopyDataToQueue &rArr; xTaskPriorityDisinherit &rArr; __2printf
</UL>
<BR>[Calls]<UL><LI><a href="#[1d5]">&gt;&gt;</a>&nbsp;&nbsp;&nbsp;LCD_SetColor
<LI><a href="#[268]">&gt;&gt;</a>&nbsp;&nbsp;&nbsp;GUI_RestoreContext
<LI><a href="#[26d]">&gt;&gt;</a>&nbsp;&nbsp;&nbsp;GUI_SaveContext_W
<LI><a href="#[16d]">&gt;&gt;</a>&nbsp;&nbsp;&nbsp;GUI_DrawRect
</UL>
<BR>[Address Reference Count : 1]<UL><LI> WIDGET_Effect_Simple.o(.rodata)
</UL>
<P><STRONG><a name="[14f]"></a>_DrawUp</STRONG> (Thumb, 60 bytes, Stack size unknown bytes, WIDGET_Effect_Simple.o(.text._DrawUp))
<BR><BR>[Stack]<UL><LI>Max Depth = 168 + Unknown Stack Size
<LI>Call Chain = _DrawUp &rArr; WM_GetClientRect &rArr; GUI_Lock &rArr; GUI_X_Lock &rArr; GUI_X_InitOS &rArr; xQueueCreateMutex &rArr; prvInitialiseMutex &rArr; xQueueGenericSend &rArr; prvCopyDataToQueue &rArr; xTaskPriorityDisinherit &rArr; __2printf
</UL>
<BR>[Calls]<UL><LI><a href="#[1d5]">&gt;&gt;</a>&nbsp;&nbsp;&nbsp;LCD_SetColor
<LI><a href="#[268]">&gt;&gt;</a>&nbsp;&nbsp;&nbsp;GUI_RestoreContext
<LI><a href="#[26d]">&gt;&gt;</a>&nbsp;&nbsp;&nbsp;GUI_SaveContext_W
<LI><a href="#[21c]">&gt;&gt;</a>&nbsp;&nbsp;&nbsp;WM_GetClientRect
<LI><a href="#[16d]">&gt;&gt;</a>&nbsp;&nbsp;&nbsp;GUI_DrawRect
</UL>
<BR>[Address Reference Count : 1]<UL><LI> WIDGET_Effect_Simple.o(.rodata)
</UL>
<P><STRONG><a name="[150]"></a>_DrawUpRect</STRONG> (Thumb, 56 bytes, Stack size unknown bytes, WIDGET_Effect_Simple.o(.text._DrawUpRect))
<BR><BR>[Stack]<UL><LI>Max Depth = 168 + Unknown Stack Size
<LI>Call Chain = _DrawUpRect &rArr; GUI_DrawRect &rArr; GUI_Lock &rArr; GUI_X_Lock &rArr; GUI_X_InitOS &rArr; xQueueCreateMutex &rArr; prvInitialiseMutex &rArr; xQueueGenericSend &rArr; prvCopyDataToQueue &rArr; xTaskPriorityDisinherit &rArr; __2printf
</UL>
<BR>[Calls]<UL><LI><a href="#[1d5]">&gt;&gt;</a>&nbsp;&nbsp;&nbsp;LCD_SetColor
<LI><a href="#[268]">&gt;&gt;</a>&nbsp;&nbsp;&nbsp;GUI_RestoreContext
<LI><a href="#[26d]">&gt;&gt;</a>&nbsp;&nbsp;&nbsp;GUI_SaveContext_W
<LI><a href="#[16d]">&gt;&gt;</a>&nbsp;&nbsp;&nbsp;GUI_DrawRect
</UL>
<BR>[Address Reference Count : 1]<UL><LI> WIDGET_Effect_Simple.o(.rodata)
</UL>
<P><STRONG><a name="[151]"></a>_DrawDown</STRONG> (Thumb, 60 bytes, Stack size unknown bytes, WIDGET_Effect_Simple.o(.text._DrawDown))
<BR><BR>[Stack]<UL><LI>Max Depth = 168 + Unknown Stack Size
<LI>Call Chain = _DrawDown &rArr; WM_GetClientRect &rArr; GUI_Lock &rArr; GUI_X_Lock &rArr; GUI_X_InitOS &rArr; xQueueCreateMutex &rArr; prvInitialiseMutex &rArr; xQueueGenericSend &rArr; prvCopyDataToQueue &rArr; xTaskPriorityDisinherit &rArr; __2printf
</UL>
<BR>[Calls]<UL><LI><a href="#[1d5]">&gt;&gt;</a>&nbsp;&nbsp;&nbsp;LCD_SetColor
<LI><a href="#[268]">&gt;&gt;</a>&nbsp;&nbsp;&nbsp;GUI_RestoreContext
<LI><a href="#[26d]">&gt;&gt;</a>&nbsp;&nbsp;&nbsp;GUI_SaveContext_W
<LI><a href="#[21c]">&gt;&gt;</a>&nbsp;&nbsp;&nbsp;WM_GetClientRect
<LI><a href="#[16d]">&gt;&gt;</a>&nbsp;&nbsp;&nbsp;GUI_DrawRect
</UL>
<BR>[Address Reference Count : 1]<UL><LI> WIDGET_Effect_Simple.o(.rodata)
</UL>
<P><STRONG><a name="[269]"></a>_CreateBuffer.isra.4</STRONG> (Thumb, 180 bytes, Stack size unknown bytes, GUI_SPRITE.o(.text._CreateBuffer.isra.4))
<BR><BR>[Stack]<UL><LI>Max Depth = 168 + Unknown Stack Size
<LI>Call Chain = _CreateBuffer.isra.4 &rArr; GUI_ALLOC_GetMaxSize &rArr; _EnlargeBlocks &rArr;  _Alloc (Cycle)
</UL>
<BR>[Calls]<UL><LI><a href="#[241]">&gt;&gt;</a>&nbsp;&nbsp;&nbsp;GUI_DEVICE__GetpDriver
<LI><a href="#[1e8]">&gt;&gt;</a>&nbsp;&nbsp;&nbsp;GUI_ALLOC_GetMaxSize
<LI><a href="#[15f]">&gt;&gt;</a>&nbsp;&nbsp;&nbsp;GUI_ALLOC_LockH
<LI><a href="#[1e3]">&gt;&gt;</a>&nbsp;&nbsp;&nbsp;GUI_ALLOC_AllocNoInit
</UL>
<BR>[Called By]<UL><LI><a href="#[1f0]">&gt;&gt;</a>&nbsp;&nbsp;&nbsp;GUI_SPRITE_SetPosition
</UL>

<P><STRONG><a name="[26b]"></a>_SetBkIndexBuffered</STRONG> (Thumb, 198 bytes, Stack size unknown bytes, GUI_SPRITE.o(.text._SetBkIndexBuffered))
<BR><BR>[Calls]<UL><LI><a href="#[25c]">&gt;&gt;</a>&nbsp;&nbsp;&nbsp;GUI__CompactPixelIndices
</UL>
<BR>[Called By]<UL><LI><a href="#[1f0]">&gt;&gt;</a>&nbsp;&nbsp;&nbsp;GUI_SPRITE_SetPosition
</UL>

<P><STRONG><a name="[26c]"></a>_ReleaseBuffer.isra.7</STRONG> (Thumb, 140 bytes, Stack size unknown bytes, GUI_SPRITE.o(.text._ReleaseBuffer.isra.7))
<BR><BR>[Stack]<UL><LI>Max Depth = 168 + Unknown Stack Size
<LI>Call Chain = _ReleaseBuffer.isra.7 &rArr; GUI_ALLOC_Free &rArr; GUI_Lock &rArr; GUI_X_Lock &rArr; GUI_X_InitOS &rArr; xQueueCreateMutex &rArr; prvInitialiseMutex &rArr; xQueueGenericSend &rArr; prvCopyDataToQueue &rArr; xTaskPriorityDisinherit &rArr; __2printf
</UL>
<BR>[Calls]<UL><LI><a href="#[182]">&gt;&gt;</a>&nbsp;&nbsp;&nbsp;GUI_ALLOC_Free
<LI><a href="#[160]">&gt;&gt;</a>&nbsp;&nbsp;&nbsp;GUI_ALLOC_UnlockH
<LI><a href="#[25c]">&gt;&gt;</a>&nbsp;&nbsp;&nbsp;GUI__CompactPixelIndices
</UL>
<BR>[Called By]<UL><LI><a href="#[1f0]">&gt;&gt;</a>&nbsp;&nbsp;&nbsp;GUI_SPRITE_SetPosition
</UL>

<P><STRONG><a name="[21]"></a>_Create</STRONG> (Thumb, 56 bytes, Stack size unknown bytes, SCROLLBAR_Skin.o(.text._Create))
<BR><BR>[Calls]<UL><LI><a href="#[160]">&gt;&gt;</a>&nbsp;&nbsp;&nbsp;GUI_ALLOC_UnlockH
<LI><a href="#[15f]">&gt;&gt;</a>&nbsp;&nbsp;&nbsp;GUI_ALLOC_LockH
</UL>
<BR>[Address Reference Count : 1]<UL><LI> SCROLLBAR_Skin.o(.data)
</UL>
<P><STRONG><a name="[af]"></a>_CalcPositions</STRONG> (Thumb, 380 bytes, Stack size unknown bytes, SCROLLBAR_Skin.o(.text._CalcPositions))
<BR><BR>[Stack]<UL><LI>Max Depth = 168 + Unknown Stack Size
<LI>Call Chain = _CalcPositions &rArr; WM_GetWindowRectEx &rArr; GUI_Lock &rArr; GUI_X_Lock &rArr; GUI_X_InitOS &rArr; xQueueCreateMutex &rArr; prvInitialiseMutex &rArr; xQueueGenericSend &rArr; prvCopyDataToQueue &rArr; xTaskPriorityDisinherit &rArr; __2printf
</UL>
<BR>[Calls]<UL><LI><a href="#[2d9]">&gt;&gt;</a>&nbsp;&nbsp;&nbsp;WM_GetWindowRectEx
<LI><a href="#[2ae]">&gt;&gt;</a>&nbsp;&nbsp;&nbsp;WM_GetScrollbarV
<LI><a href="#[2af]">&gt;&gt;</a>&nbsp;&nbsp;&nbsp;WM_GetScrollbarH
<LI><a href="#[170]">&gt;&gt;</a>&nbsp;&nbsp;&nbsp;GUI_MoveRect
<LI><a href="#[160]">&gt;&gt;</a>&nbsp;&nbsp;&nbsp;GUI_ALLOC_UnlockH
<LI><a href="#[15f]">&gt;&gt;</a>&nbsp;&nbsp;&nbsp;GUI_ALLOC_LockH
<LI><a href="#[2c5]">&gt;&gt;</a>&nbsp;&nbsp;&nbsp;GUI__DivideRound32
<LI><a href="#[31f]">&gt;&gt;</a>&nbsp;&nbsp;&nbsp;SCROLLBAR__Rect2VRect
</UL>
<BR>[Called By]<UL><LI><a href="#[20]">&gt;&gt;</a>&nbsp;&nbsp;&nbsp;_Paint
</UL>
<BR>[Address Reference Count : 1]<UL><LI> SCROLLBAR_Skin.o(.text._Create)
</UL>
<P><STRONG><a name="[20]"></a>_Paint</STRONG> (Thumb, 182 bytes, Stack size unknown bytes, SCROLLBAR_Skin.o(.text._Paint))
<BR><BR>[Stack]<UL><LI>Max Depth = 168 + Unknown Stack Size
<LI>Call Chain = _Paint &rArr; WIDGET__GetClientRect &rArr; WM_GetClientRect &rArr; GUI_Lock &rArr; GUI_X_Lock &rArr; GUI_X_InitOS &rArr; xQueueCreateMutex &rArr; prvInitialiseMutex &rArr; xQueueGenericSend &rArr; prvCopyDataToQueue &rArr; xTaskPriorityDisinherit &rArr; __2printf
</UL>
<BR>[Calls]<UL><LI><a href="#[160]">&gt;&gt;</a>&nbsp;&nbsp;&nbsp;GUI_ALLOC_UnlockH
<LI><a href="#[15f]">&gt;&gt;</a>&nbsp;&nbsp;&nbsp;GUI_ALLOC_LockH
<LI><a href="#[2e3]">&gt;&gt;</a>&nbsp;&nbsp;&nbsp;WIDGET__GetClientRect
<LI><a href="#[af]">&gt;&gt;</a>&nbsp;&nbsp;&nbsp;_CalcPositions
</UL>
<BR>[Address Reference Count : 1]<UL><LI> SCROLLBAR_Skin.o(.data)
</UL>
<P><STRONG><a name="[a0]"></a>_DrawGraspH</STRONG> (Thumb, 94 bytes, Stack size unknown bytes, SCROLLBAR_SkinFlex.o(.text._DrawGraspH))
<BR><BR>[Stack]<UL><LI>Max Depth = 168 + Unknown Stack Size
<LI>Call Chain = _DrawGraspH &rArr; GUI_SetColor &rArr; GUI_Lock &rArr; GUI_X_Lock &rArr; GUI_X_InitOS &rArr; xQueueCreateMutex &rArr; prvInitialiseMutex &rArr; xQueueGenericSend &rArr; prvCopyDataToQueue &rArr; xTaskPriorityDisinherit &rArr; __2printf
</UL>
<BR>[Calls]<UL><LI><a href="#[16c]">&gt;&gt;</a>&nbsp;&nbsp;&nbsp;GUI_SetColor
<LI><a href="#[178]">&gt;&gt;</a>&nbsp;&nbsp;&nbsp;GUI_DrawVLine
</UL>
<BR>[Address Reference Count : 1]<UL><LI> SCROLLBAR_SkinFlex.o(.text.SCROLLBAR_DrawSkinFlex)
</UL>
<P><STRONG><a name="[a2]"></a>_DrawGraspV</STRONG> (Thumb, 94 bytes, Stack size unknown bytes, SCROLLBAR_SkinFlex.o(.text._DrawGraspV))
<BR><BR>[Stack]<UL><LI>Max Depth = 168 + Unknown Stack Size
<LI>Call Chain = _DrawGraspV &rArr; GUI_SetColor &rArr; GUI_Lock &rArr; GUI_X_Lock &rArr; GUI_X_InitOS &rArr; xQueueCreateMutex &rArr; prvInitialiseMutex &rArr; xQueueGenericSend &rArr; prvCopyDataToQueue &rArr; xTaskPriorityDisinherit &rArr; __2printf
</UL>
<BR>[Calls]<UL><LI><a href="#[16c]">&gt;&gt;</a>&nbsp;&nbsp;&nbsp;GUI_SetColor
<LI><a href="#[177]">&gt;&gt;</a>&nbsp;&nbsp;&nbsp;GUI_DrawHLine
</UL>
<BR>[Address Reference Count : 1]<UL><LI> SCROLLBAR_SkinFlex.o(.text.SCROLLBAR_DrawSkinFlex)
</UL>
<P><STRONG><a name="[322]"></a>_DrawFrame</STRONG> (Thumb, 244 bytes, Stack size unknown bytes, SCROLLBAR_SkinFlex.o(.text._DrawFrame))
<BR><BR>[Stack]<UL><LI>Max Depth = 168 + Unknown Stack Size
<LI>Call Chain = _DrawFrame &rArr; GUI_SetColor &rArr; GUI_Lock &rArr; GUI_X_Lock &rArr; GUI_X_InitOS &rArr; xQueueCreateMutex &rArr; prvInitialiseMutex &rArr; xQueueGenericSend &rArr; prvCopyDataToQueue &rArr; xTaskPriorityDisinherit &rArr; __2printf
</UL>
<BR>[Calls]<UL><LI><a href="#[16c]">&gt;&gt;</a>&nbsp;&nbsp;&nbsp;GUI_SetColor
<LI><a href="#[178]">&gt;&gt;</a>&nbsp;&nbsp;&nbsp;GUI_DrawVLine
<LI><a href="#[1c1]">&gt;&gt;</a>&nbsp;&nbsp;&nbsp;GUI_DrawPixel
<LI><a href="#[177]">&gt;&gt;</a>&nbsp;&nbsp;&nbsp;GUI_DrawHLine
</UL>
<BR>[Called By]<UL><LI><a href="#[a3]">&gt;&gt;</a>&nbsp;&nbsp;&nbsp;_DrawBackgroundV
<LI><a href="#[a1]">&gt;&gt;</a>&nbsp;&nbsp;&nbsp;_DrawBackgroundH
</UL>

<P><STRONG><a name="[a1]"></a>_DrawBackgroundH</STRONG> (Thumb, 94 bytes, Stack size unknown bytes, SCROLLBAR_SkinFlex.o(.text._DrawBackgroundH))
<BR><BR>[Stack]<UL><LI>Max Depth = 168 + Unknown Stack Size
<LI>Call Chain = _DrawBackgroundH &rArr; GUI_DrawGradientV &rArr; GUI_GetColor &rArr; GUI_Lock &rArr; GUI_X_Lock &rArr; GUI_X_InitOS &rArr; xQueueCreateMutex &rArr; prvInitialiseMutex &rArr; xQueueGenericSend &rArr; prvCopyDataToQueue &rArr; xTaskPriorityDisinherit &rArr; __2printf
</UL>
<BR>[Calls]<UL><LI><a href="#[a4]">&gt;&gt;</a>&nbsp;&nbsp;&nbsp;GUI_DrawGradientV
<LI><a href="#[322]">&gt;&gt;</a>&nbsp;&nbsp;&nbsp;_DrawFrame
</UL>
<BR>[Address Reference Count : 1]<UL><LI> SCROLLBAR_SkinFlex.o(.text.SCROLLBAR_DrawSkinFlex)
</UL>
<P><STRONG><a name="[a3]"></a>_DrawBackgroundV</STRONG> (Thumb, 94 bytes, Stack size unknown bytes, SCROLLBAR_SkinFlex.o(.text._DrawBackgroundV))
<BR><BR>[Stack]<UL><LI>Max Depth = 168 + Unknown Stack Size
<LI>Call Chain = _DrawBackgroundV &rArr; GUI_DrawGradientH &rArr; GUI_GetColor &rArr; GUI_Lock &rArr; GUI_X_Lock &rArr; GUI_X_InitOS &rArr; xQueueCreateMutex &rArr; prvInitialiseMutex &rArr; xQueueGenericSend &rArr; prvCopyDataToQueue &rArr; xTaskPriorityDisinherit &rArr; __2printf
</UL>
<BR>[Calls]<UL><LI><a href="#[a5]">&gt;&gt;</a>&nbsp;&nbsp;&nbsp;GUI_DrawGradientH
<LI><a href="#[322]">&gt;&gt;</a>&nbsp;&nbsp;&nbsp;_DrawFrame
</UL>
<BR>[Address Reference Count : 1]<UL><LI> SCROLLBAR_SkinFlex.o(.text.SCROLLBAR_DrawSkinFlex)
</UL>
<P><STRONG><a name="[3c0]"></a>_printf_core</STRONG> (Thumb, 996 bytes, Stack size 104 bytes, printf8.o(i._printf_core), UNUSED)
<BR><BR>[Calls]<UL><LI><a href="#[156]">&gt;&gt;</a>&nbsp;&nbsp;&nbsp;__aeabi_uldivmod
<LI><a href="#[3c1]">&gt;&gt;</a>&nbsp;&nbsp;&nbsp;_printf_pre_padding
<LI><a href="#[3c2]">&gt;&gt;</a>&nbsp;&nbsp;&nbsp;_printf_post_padding
</UL>
<BR>[Called By]<UL><LI><a href="#[3bf]">&gt;&gt;</a>&nbsp;&nbsp;&nbsp;__0printf$8
</UL>

<P><STRONG><a name="[3c2]"></a>_printf_post_padding</STRONG> (Thumb, 36 bytes, Stack size 24 bytes, printf8.o(i._printf_post_padding), UNUSED)
<BR><BR>[Called By]<UL><LI><a href="#[3c0]">&gt;&gt;</a>&nbsp;&nbsp;&nbsp;_printf_core
</UL>

<P><STRONG><a name="[3c1]"></a>_printf_pre_padding</STRONG> (Thumb, 46 bytes, Stack size 24 bytes, printf8.o(i._printf_pre_padding), UNUSED)
<BR><BR>[Called By]<UL><LI><a href="#[3c0]">&gt;&gt;</a>&nbsp;&nbsp;&nbsp;_printf_core
</UL>
<P>
<H3>
Undefined Global Symbols
</H3><HR></body></html>
